May 06 13:35:38 hoth kernel: Linux version 6.1.26-1-lts (linux-lts@archlinux) (gcc (GCC) 12.2.1 20230201, GNU ld (GNU Binutils) 2.40) #1 SMP PREEMPT_DYNAMIC Wed, 26 Apr 2023 19:15:42 +0000
May 06 13:35:38 hoth kernel: Command line: BOOT_IMAGE=/boot/vmlinuz-linux-lts root=UUID=68473d52-e2b6-40b1-8a4a-49a85bc2fd1d rw loglevel=3 nvidia_drm.modeset=1 acpi_enforce_resources=lax
May 06 13:35:38 hoth kernel: x86/fpu: Supporting XSAVE feature 0x001: 'x87 floating point registers'
May 06 13:35:38 hoth kernel: x86/fpu: Supporting XSAVE feature 0x002: 'SSE registers'
May 06 13:35:38 hoth kernel: x86/fpu: Supporting XSAVE feature 0x004: 'AVX registers'
May 06 13:35:38 hoth kernel: x86/fpu: Supporting XSAVE feature 0x020: 'AVX-512 opmask'
May 06 13:35:38 hoth kernel: x86/fpu: Supporting XSAVE feature 0x040: 'AVX-512 Hi256'
May 06 13:35:38 hoth kernel: x86/fpu: Supporting XSAVE feature 0x080: 'AVX-512 ZMM_Hi256'
May 06 13:35:38 hoth kernel: x86/fpu: Supporting XSAVE feature 0x200: 'Protection Keys User registers'
May 06 13:35:38 hoth kernel: x86/fpu: xstate_offset[2]:  576, xstate_sizes[2]:  256
May 06 13:35:38 hoth kernel: x86/fpu: xstate_offset[5]:  832, xstate_sizes[5]:   64
May 06 13:35:38 hoth kernel: x86/fpu: xstate_offset[6]:  896, xstate_sizes[6]:  512
May 06 13:35:38 hoth kernel: x86/fpu: xstate_offset[7]: 1408, xstate_sizes[7]: 1024
May 06 13:35:38 hoth kernel: x86/fpu: xstate_offset[9]: 2432, xstate_sizes[9]:    8
May 06 13:35:38 hoth kernel: x86/fpu: Enabled xstate features 0x2e7, context size is 2440 bytes, using 'compacted' format.
May 06 13:35:38 hoth kernel: signal: max sigframe size: 3376
May 06 13:35:38 hoth kernel: BIOS-provided physical RAM map:
May 06 13:35:38 hoth kernel: BIOS-e820: [mem 0x0000000000000000-0x000000000009ffff] usable
May 06 13:35:38 hoth kernel: BIOS-e820: [mem 0x00000000000a0000-0x00000000000fffff] reserved
May 06 13:35:38 hoth kernel: BIOS-e820: [mem 0x0000000000100000-0x0000000009e01fff] usable
May 06 13:35:38 hoth kernel: BIOS-e820: [mem 0x0000000009e02000-0x0000000009ffffff] reserved
May 06 13:35:38 hoth kernel: BIOS-e820: [mem 0x000000000a000000-0x000000000a1fffff] usable
May 06 13:35:38 hoth kernel: BIOS-e820: [mem 0x000000000a200000-0x000000000a20ffff] ACPI NVS
May 06 13:35:38 hoth kernel: BIOS-e820: [mem 0x000000000a210000-0x000000000affffff] usable
May 06 13:35:38 hoth kernel: BIOS-e820: [mem 0x000000000b000000-0x000000000b020fff] reserved
May 06 13:35:38 hoth kernel: BIOS-e820: [mem 0x000000000b021000-0x00000000a05cefff] usable
May 06 13:35:38 hoth kernel: BIOS-e820: [mem 0x00000000a05cf000-0x00000000a65cefff] reserved
May 06 13:35:38 hoth kernel: BIOS-e820: [mem 0x00000000a65cf000-0x00000000a667efff] ACPI data
May 06 13:35:38 hoth kernel: BIOS-e820: [mem 0x00000000a667f000-0x00000000a867efff] ACPI NVS
May 06 13:35:38 hoth kernel: BIOS-e820: [mem 0x00000000a867f000-0x00000000a9e7efff] reserved
May 06 13:35:38 hoth kernel: BIOS-e820: [mem 0x00000000a9e7f000-0x00000000a9ffefff] type 20
May 06 13:35:38 hoth kernel: BIOS-e820: [mem 0x00000000a9fff000-0x00000000abffafff] usable
May 06 13:35:38 hoth kernel: BIOS-e820: [mem 0x00000000abffb000-0x00000000acffffff] reserved
May 06 13:35:38 hoth kernel: BIOS-e820: [mem 0x00000000ad7f5000-0x00000000afffffff] reserved
May 06 13:35:38 hoth kernel: BIOS-e820: [mem 0x00000000f0000000-0x00000000f7ffffff] reserved
May 06 13:35:38 hoth kernel: BIOS-e820: [mem 0x00000000fd000000-0x00000000ffffffff] reserved
May 06 13:35:38 hoth kernel: BIOS-e820: [mem 0x0000000100000000-0x0000000827ffffff] usable
May 06 13:35:38 hoth kernel: BIOS-e820: [mem 0x0000000828000000-0x0000000847ffffff] reserved
May 06 13:35:38 hoth kernel: BIOS-e820: [mem 0x000000084ef40000-0x00000008701fffff] reserved
May 06 13:35:38 hoth kernel: BIOS-e820: [mem 0x000000fd00000000-0x000000ffffffffff] reserved
May 06 13:35:38 hoth kernel: NX (Execute Disable) protection: active
May 06 13:35:38 hoth kernel: efi: EFI v2.80 by American Megatrends
May 06 13:35:38 hoth kernel: efi: ACPI=0xa8666000 ACPI 2.0=0xa8666014 TPMFinalLog=0xa8633000 SMBIOS=0xa9b2e000 SMBIOS 3.0=0xa9b2d000 MEMATTR=0x9b10f018 ESRT=0x9b920998 
May 06 13:35:38 hoth kernel: SMBIOS 3.5.0 present.
May 06 13:35:38 hoth kernel: DMI: Micro-Star International Co., Ltd. MS-7D78/PRO B650-P WIFI (MS-7D78), BIOS 1.10 10/08/2022
May 06 13:35:38 hoth kernel: tsc: Fast TSC calibration using PIT
May 06 13:35:38 hoth kernel: tsc: Detected 4500.009 MHz processor
May 06 13:35:38 hoth kernel: e820: update [mem 0x00000000-0x00000fff] usable ==> reserved
May 06 13:35:38 hoth kernel: e820: remove [mem 0x000a0000-0x000fffff] usable
May 06 13:35:38 hoth kernel: last_pfn = 0x828000 max_arch_pfn = 0x400000000
May 06 13:35:38 hoth kernel: x86/PAT: Configuration [0-7]: WB  WC  UC- UC  WB  WP  UC- WT  
May 06 13:35:38 hoth kernel: last_pfn = 0xabffb max_arch_pfn = 0x400000000
May 06 13:35:38 hoth kernel: esrt: Reserving ESRT space from 0x000000009b920998 to 0x000000009b9209d0.
May 06 13:35:38 hoth kernel: e820: update [mem 0x9b920000-0x9b920fff] usable ==> reserved
May 06 13:35:38 hoth kernel: Using GB pages for direct mapping
May 06 13:35:38 hoth kernel: Secure boot disabled
May 06 13:35:38 hoth kernel: RAMDISK: [mem 0x36e29000-0x3770bfff]
May 06 13:35:38 hoth kernel: ACPI: Early table checksum verification disabled
May 06 13:35:38 hoth kernel: ACPI: RSDP 0x00000000A8666014 000024 (v02 ALASKA)
May 06 13:35:38 hoth kernel: ACPI: XSDT 0x00000000A8665728 00011C (v01 ALASKA A M I    01072009 AMI  01000013)
May 06 13:35:38 hoth kernel: ACPI: FACP 0x00000000A6674000 000114 (v06 ALASKA A M I    01072009 AMI  00010013)
May 06 13:35:38 hoth kernel: ACPI: DSDT 0x00000000A666C000 007214 (v02 ALASKA A M I    01072009 INTL 20120913)
May 06 13:35:38 hoth kernel: ACPI: FACS 0x00000000A8663000 000040
May 06 13:35:38 hoth kernel: ACPI: IVRS 0x00000000A667E000 0000D0 (v02 AMD    AmdTable 00000001 AMD  00000001)
May 06 13:35:38 hoth kernel: ACPI: SSDT 0x00000000A6676000 007CC1 (v02 AMD    Splinter 00000002 MSFT 04000000)
May 06 13:35:38 hoth kernel: ACPI: SSDT 0x00000000A6675000 000221 (v02 ALASKA CPUSSDT  01072009 AMI  01072009)
May 06 13:35:38 hoth kernel: ACPI: FIDT 0x00000000A666B000 00009C (v01 ALASKA A M I    01072009 AMI  00010013)
May 06 13:35:38 hoth kernel: ACPI: MCFG 0x00000000A666A000 00003C (v01 ALASKA A M I    01072009 MSFT 00010013)
May 06 13:35:38 hoth kernel: ACPI: HPET 0x00000000A6669000 000038 (v01 ALASKA A M I    01072009 AMI  00000005)
May 06 13:35:38 hoth kernel: ACPI: WDRT 0x00000000A6668000 000047 (v01 ALASKA A M I    01072009 AMI  00000005)
May 06 13:35:38 hoth kernel: ACPI: UEFI 0x00000000A8021000 000048 (v01 ALASKA A M I    01072009 AMI  01000013)
May 06 13:35:38 hoth kernel: ACPI: FPDT 0x00000000A6667000 000044 (v01 ALASKA A M I    01072009 AMI  01000013)
May 06 13:35:38 hoth kernel: ACPI: VFCT 0x00000000A665C000 00AE84 (v01 ALASKA A M I    00000001 AMD  31504F47)
May 06 13:35:38 hoth kernel: ACPI: TPM2 0x00000000A665B000 00004C (v04 ALASKA A M I    00000001 AMI  00000000)
May 06 13:35:38 hoth kernel: ACPI: SSDT 0x00000000A6656000 004CC4 (v02 AMD    AmdTable 00000001 AMD  00000001)
May 06 13:35:38 hoth kernel: ACPI: CRAT 0x00000000A6655000 000EE8 (v01 AMD    AmdTable 00000001 AMD  00000001)
May 06 13:35:38 hoth kernel: ACPI: CDIT 0x00000000A6654000 000029 (v01 AMD    AmdTable 00000001 AMD  00000001)
May 06 13:35:38 hoth kernel: ACPI: BGRT 0x00000000A6653000 000038 (v01 ALASKA A M I    01072009 AMI  00010013)
May 06 13:35:38 hoth kernel: ACPI: SSDT 0x00000000A6652000 000E0D (v02 AMD    CPMDFIG2 00000001 INTL 20120913)
May 06 13:35:38 hoth kernel: ACPI: SSDT 0x00000000A664F000 00250B (v02 AMD    CDFAAIG2 00000001 INTL 20120913)
May 06 13:35:38 hoth kernel: ACPI: SSDT 0x00000000A664E000 000325 (v02 AMD    CPMDFDG1 00000001 INTL 20120913)
May 06 13:35:38 hoth kernel: ACPI: SSDT 0x00000000A6645000 008880 (v02 AMD    CPMCMN   00000001 INTL 20120913)
May 06 13:35:38 hoth kernel: ACPI: SSDT 0x00000000A6642000 00232F (v02 AMD    AOD      00000001 INTL 20120913)
May 06 13:35:38 hoth kernel: ACPI: WSMT 0x00000000A6641000 000028 (v01 ALASKA A M I    01072009 AMI  00010013)
May 06 13:35:38 hoth kernel: ACPI: APIC 0x00000000A6640000 00015E (v05 ALASKA A M I    01072009 AMI  00010013)
May 06 13:35:38 hoth kernel: ACPI: SSDT 0x00000000A663F000 00013D (v02 AMD    EXTGPP00 00000001 INTL 20120913)
May 06 13:35:38 hoth kernel: ACPI: SSDT 0x00000000A663E000 0000A7 (v02 AMD    GPIO     00000001 INTL 20120913)
May 06 13:35:38 hoth kernel: ACPI: SSDT 0x00000000A663D000 000241 (v02 AMD    USB      00000001 INTL 20120913)
May 06 13:35:38 hoth kernel: ACPI: SSDT 0x00000000A663C000 0000BC (v02 AMD    MEMTOOL0 00000002 INTL 20120913)
May 06 13:35:38 hoth kernel: ACPI: SSDT 0x00000000A663B000 0004D2 (v02 AMD    CPMMSOSC 00000001 INTL 20120913)
May 06 13:35:38 hoth kernel: ACPI: SSDT 0x00000000A663A000 000042 (v02 AMD    AMDWOV   00000001 INTL 20120913)
May 06 13:35:38 hoth kernel: ACPI: SSDT 0x00000000A6639000 000DF6 (v02 AMD    CPMACPV4 00000001 INTL 20120913)
May 06 13:35:38 hoth kernel: ACPI: SSDT 0x00000000A6638000 000114 (v01 AMD    AmdTable 00001000 INTL 20120913)
May 06 13:35:38 hoth kernel: ACPI: Reserving FACP table memory at [mem 0xa6674000-0xa6674113]
May 06 13:35:38 hoth kernel: ACPI: Reserving DSDT table memory at [mem 0xa666c000-0xa6673213]
May 06 13:35:38 hoth kernel: ACPI: Reserving FACS table memory at [mem 0xa8663000-0xa866303f]
May 06 13:35:38 hoth kernel: ACPI: Reserving IVRS table memory at [mem 0xa667e000-0xa667e0cf]
May 06 13:35:38 hoth kernel: ACPI: Reserving SSDT table memory at [mem 0xa6676000-0xa667dcc0]
May 06 13:35:38 hoth kernel: ACPI: Reserving SSDT table memory at [mem 0xa6675000-0xa6675220]
May 06 13:35:38 hoth kernel: ACPI: Reserving FIDT table memory at [mem 0xa666b000-0xa666b09b]
May 06 13:35:38 hoth kernel: ACPI: Reserving MCFG table memory at [mem 0xa666a000-0xa666a03b]
May 06 13:35:38 hoth kernel: ACPI: Reserving HPET table memory at [mem 0xa6669000-0xa6669037]
May 06 13:35:38 hoth kernel: ACPI: Reserving WDRT table memory at [mem 0xa6668000-0xa6668046]
May 06 13:35:38 hoth kernel: ACPI: Reserving UEFI table memory at [mem 0xa8021000-0xa8021047]
May 06 13:35:38 hoth kernel: ACPI: Reserving FPDT table memory at [mem 0xa6667000-0xa6667043]
May 06 13:35:38 hoth kernel: ACPI: Reserving VFCT table memory at [mem 0xa665c000-0xa6666e83]
May 06 13:35:38 hoth kernel: ACPI: Reserving TPM2 table memory at [mem 0xa665b000-0xa665b04b]
May 06 13:35:38 hoth kernel: ACPI: Reserving SSDT table memory at [mem 0xa6656000-0xa665acc3]
May 06 13:35:38 hoth kernel: ACPI: Reserving CRAT table memory at [mem 0xa6655000-0xa6655ee7]
May 06 13:35:38 hoth kernel: ACPI: Reserving CDIT table memory at [mem 0xa6654000-0xa6654028]
May 06 13:35:38 hoth kernel: ACPI: Reserving BGRT table memory at [mem 0xa6653000-0xa6653037]
May 06 13:35:38 hoth kernel: ACPI: Reserving SSDT table memory at [mem 0xa6652000-0xa6652e0c]
May 06 13:35:38 hoth kernel: ACPI: Reserving SSDT table memory at [mem 0xa664f000-0xa665150a]
May 06 13:35:38 hoth kernel: ACPI: Reserving SSDT table memory at [mem 0xa664e000-0xa664e324]
May 06 13:35:38 hoth kernel: ACPI: Reserving SSDT table memory at [mem 0xa6645000-0xa664d87f]
May 06 13:35:38 hoth kernel: ACPI: Reserving SSDT table memory at [mem 0xa6642000-0xa664432e]
May 06 13:35:38 hoth kernel: ACPI: Reserving WSMT table memory at [mem 0xa6641000-0xa6641027]
May 06 13:35:38 hoth kernel: ACPI: Reserving APIC table memory at [mem 0xa6640000-0xa664015d]
May 06 13:35:38 hoth kernel: ACPI: Reserving SSDT table memory at [mem 0xa663f000-0xa663f13c]
May 06 13:35:38 hoth kernel: ACPI: Reserving SSDT table memory at [mem 0xa663e000-0xa663e0a6]
May 06 13:35:38 hoth kernel: ACPI: Reserving SSDT table memory at [mem 0xa663d000-0xa663d240]
May 06 13:35:38 hoth kernel: ACPI: Reserving SSDT table memory at [mem 0xa663c000-0xa663c0bb]
May 06 13:35:38 hoth kernel: ACPI: Reserving SSDT table memory at [mem 0xa663b000-0xa663b4d1]
May 06 13:35:38 hoth kernel: ACPI: Reserving SSDT table memory at [mem 0xa663a000-0xa663a041]
May 06 13:35:38 hoth kernel: ACPI: Reserving SSDT table memory at [mem 0xa6639000-0xa6639df5]
May 06 13:35:38 hoth kernel: ACPI: Reserving SSDT table memory at [mem 0xa6638000-0xa6638113]
May 06 13:35:38 hoth kernel: No NUMA configuration found
May 06 13:35:38 hoth kernel: Faking a node at [mem 0x0000000000000000-0x0000000827ffffff]
May 06 13:35:38 hoth kernel: NODE_DATA(0) allocated [mem 0x827ffb000-0x827ffffff]
May 06 13:35:38 hoth kernel: Zone ranges:
May 06 13:35:38 hoth kernel:   DMA      [mem 0x0000000000001000-0x0000000000ffffff]
May 06 13:35:38 hoth kernel:   DMA32    [mem 0x0000000001000000-0x00000000ffffffff]
May 06 13:35:38 hoth kernel:   Normal   [mem 0x0000000100000000-0x0000000827ffffff]
May 06 13:35:38 hoth kernel:   Device   empty
May 06 13:35:38 hoth kernel: Movable zone start for each node
May 06 13:35:38 hoth kernel: Early memory node ranges
May 06 13:35:38 hoth kernel:   node   0: [mem 0x0000000000001000-0x000000000009ffff]
May 06 13:35:38 hoth kernel:   node   0: [mem 0x0000000000100000-0x0000000009e01fff]
May 06 13:35:38 hoth kernel:   node   0: [mem 0x000000000a000000-0x000000000a1fffff]
May 06 13:35:38 hoth kernel:   node   0: [mem 0x000000000a210000-0x000000000affffff]
May 06 13:35:38 hoth kernel:   node   0: [mem 0x000000000b021000-0x00000000a05cefff]
May 06 13:35:38 hoth kernel:   node   0: [mem 0x00000000a9fff000-0x00000000abffafff]
May 06 13:35:38 hoth kernel:   node   0: [mem 0x0000000100000000-0x0000000827ffffff]
May 06 13:35:38 hoth kernel: Initmem setup node 0 [mem 0x0000000000001000-0x0000000827ffffff]
May 06 13:35:38 hoth kernel: On node 0, zone DMA: 1 pages in unavailable ranges
May 06 13:35:38 hoth kernel: On node 0, zone DMA: 96 pages in unavailable ranges
May 06 13:35:38 hoth kernel: On node 0, zone DMA32: 510 pages in unavailable ranges
May 06 13:35:38 hoth kernel: On node 0, zone DMA32: 16 pages in unavailable ranges
May 06 13:35:38 hoth kernel: On node 0, zone DMA32: 33 pages in unavailable ranges
May 06 13:35:38 hoth kernel: On node 0, zone DMA32: 39472 pages in unavailable ranges
May 06 13:35:38 hoth kernel: On node 0, zone Normal: 16389 pages in unavailable ranges
May 06 13:35:38 hoth kernel: ACPI: PM-Timer IO Port: 0x808
May 06 13:35:38 hoth kernel: ACPI: LAPIC_NMI (acpi_id[0xff] high edge lint[0x1])
May 06 13:35:38 hoth kernel: IOAPIC[0]: apic_id 32, version 33, address 0xfec00000, GSI 0-23
May 06 13:35:38 hoth kernel: IOAPIC[1]: apic_id 33, version 33, address 0xfec01000, GSI 24-55
May 06 13:35:38 hoth kernel: ACPI: INT_SRC_OVR (bus 0 bus_irq 0 global_irq 2 dfl dfl)
May 06 13:35:38 hoth kernel: ACPI: INT_SRC_OVR (bus 0 bus_irq 9 global_irq 9 low level)
May 06 13:35:38 hoth kernel: ACPI: Using ACPI (MADT) for SMP configuration information
May 06 13:35:38 hoth kernel: ACPI: HPET id: 0x10228201 base: 0xfed00000
May 06 13:35:38 hoth kernel: e820: update [mem 0x9a454000-0x9a4b0fff] usable ==> reserved
May 06 13:35:38 hoth kernel: smpboot: Allowing 16 CPUs, 0 hotplug CPUs
May 06 13:35:38 hoth kernel: PM: hibernation: Registered nosave memory: [mem 0x00000000-0x00000fff]
May 06 13:35:38 hoth kernel: PM: hibernation: Registered nosave memory: [mem 0x000a0000-0x000fffff]
May 06 13:35:38 hoth kernel: PM: hibernation: Registered nosave memory: [mem 0x09e02000-0x09ffffff]
May 06 13:35:38 hoth kernel: PM: hibernation: Registered nosave memory: [mem 0x0a200000-0x0a20ffff]
May 06 13:35:38 hoth kernel: PM: hibernation: Registered nosave memory: [mem 0x0b000000-0x0b020fff]
May 06 13:35:38 hoth kernel: PM: hibernation: Registered nosave memory: [mem 0x9a454000-0x9a4b0fff]
May 06 13:35:38 hoth kernel: PM: hibernation: Registered nosave memory: [mem 0x9b920000-0x9b920fff]
May 06 13:35:38 hoth kernel: PM: hibernation: Registered nosave memory: [mem 0xa05cf000-0xa65cefff]
May 06 13:35:38 hoth kernel: PM: hibernation: Registered nosave memory: [mem 0xa65cf000-0xa667efff]
May 06 13:35:38 hoth kernel: PM: hibernation: Registered nosave memory: [mem 0xa667f000-0xa867efff]
May 06 13:35:38 hoth kernel: PM: hibernation: Registered nosave memory: [mem 0xa867f000-0xa9e7efff]
May 06 13:35:38 hoth kernel: PM: hibernation: Registered nosave memory: [mem 0xa9e7f000-0xa9ffefff]
May 06 13:35:38 hoth kernel: PM: hibernation: Registered nosave memory: [mem 0xabffb000-0xacffffff]
May 06 13:35:38 hoth kernel: PM: hibernation: Registered nosave memory: [mem 0xad000000-0xad7f4fff]
May 06 13:35:38 hoth kernel: PM: hibernation: Registered nosave memory: [mem 0xad7f5000-0xafffffff]
May 06 13:35:38 hoth kernel: PM: hibernation: Registered nosave memory: [mem 0xb0000000-0xefffffff]
May 06 13:35:38 hoth kernel: PM: hibernation: Registered nosave memory: [mem 0xf0000000-0xf7ffffff]
May 06 13:35:38 hoth kernel: PM: hibernation: Registered nosave memory: [mem 0xf8000000-0xfcffffff]
May 06 13:35:38 hoth kernel: PM: hibernation: Registered nosave memory: [mem 0xfd000000-0xffffffff]
May 06 13:35:38 hoth kernel: [mem 0xb0000000-0xefffffff] available for PCI devices
May 06 13:35:38 hoth kernel: Booting paravirtualized kernel on bare hardware
May 06 13:35:38 hoth kernel: clocksource: refined-jiffies: mask: 0xffffffff max_cycles: 0xffffffff, max_idle_ns: 6370452778343963 ns
May 06 13:35:38 hoth kernel: setup_percpu: NR_CPUS:320 nr_cpumask_bits:16 nr_cpu_ids:16 nr_node_ids:1
May 06 13:35:38 hoth kernel: percpu: Embedded 63 pages/cpu s221184 r8192 d28672 u262144
May 06 13:35:38 hoth kernel: pcpu-alloc: s221184 r8192 d28672 u262144 alloc=1*2097152
May 06 13:35:38 hoth kernel: pcpu-alloc: [0] 00 01 02 03 04 05 06 07 [0] 08 09 10 11 12 13 14 15 
May 06 13:35:38 hoth kernel: Fallback order for Node 0: 0 
May 06 13:35:38 hoth kernel: Built 1 zonelists, mobility grouping on.  Total pages: 8040461
May 06 13:35:38 hoth kernel: Policy zone: Normal
May 06 13:35:38 hoth kernel: Kernel command line: BOOT_IMAGE=/boot/vmlinuz-linux-lts root=UUID=68473d52-e2b6-40b1-8a4a-49a85bc2fd1d rw loglevel=3 nvidia_drm.modeset=1 acpi_enforce_resources=lax
May 06 13:35:38 hoth kernel: Unknown kernel command line parameters "BOOT_IMAGE=/boot/vmlinuz-linux-lts", will be passed to user space.
May 06 13:35:38 hoth kernel: random: crng init done
May 06 13:35:38 hoth kernel: Dentry cache hash table entries: 4194304 (order: 13, 33554432 bytes, linear)
May 06 13:35:38 hoth kernel: Inode-cache hash table entries: 2097152 (order: 12, 16777216 bytes, linear)
May 06 13:35:38 hoth kernel: mem auto-init: stack:all(zero), heap alloc:on, heap free:off
May 06 13:35:38 hoth kernel: software IO TLB: area num 16.
May 06 13:35:38 hoth kernel: Memory: 31836724K/32673004K available (16391K kernel code, 2137K rwdata, 11072K rodata, 2148K init, 5364K bss, 836020K reserved, 0K cma-reserved)
May 06 13:35:38 hoth kernel: SLUB: HWalign=64, Order=0-3, MinObjects=0, CPUs=16, Nodes=1
May 06 13:35:38 hoth kernel: ftrace: allocating 46433 entries in 182 pages
May 06 13:35:38 hoth kernel: ftrace: allocated 182 pages with 5 groups
May 06 13:35:38 hoth kernel: Dynamic Preempt: voluntary
May 06 13:35:38 hoth kernel: rcu: Preemptible hierarchical RCU implementation.
May 06 13:35:38 hoth kernel: rcu:         RCU restricting CPUs from NR_CPUS=320 to nr_cpu_ids=16.
May 06 13:35:38 hoth kernel:         Trampoline variant of Tasks RCU enabled.
May 06 13:35:38 hoth kernel:         Rude variant of Tasks RCU enabled.
May 06 13:35:38 hoth kernel:         Tracing variant of Tasks RCU enabled.
May 06 13:35:38 hoth kernel: rcu: RCU calculated value of scheduler-enlistment delay is 30 jiffies.
May 06 13:35:38 hoth kernel: rcu: Adjusting geometry for rcu_fanout_leaf=16, nr_cpu_ids=16
May 06 13:35:38 hoth kernel: NR_IRQS: 20736, nr_irqs: 1096, preallocated irqs: 16
May 06 13:35:38 hoth kernel: rcu: srcu_init: Setting srcu_struct sizes based on contention.
May 06 13:35:38 hoth kernel: kfence: initialized - using 2097152 bytes for 255 objects at 0x(____ptrval____)-0x(____ptrval____)
May 06 13:35:38 hoth kernel: Console: colour dummy device 80x25
May 06 13:35:38 hoth kernel: printk: console [tty0] enabled
May 06 13:35:38 hoth kernel: ACPI: Core revision 20220331
May 06 13:35:38 hoth kernel: clocksource: hpet: mask: 0xffffffff max_cycles: 0xffffffff, max_idle_ns: 133484873504 ns
May 06 13:35:38 hoth kernel: APIC: Switch to symmetric I/O mode setup
May 06 13:35:38 hoth kernel: AMD-Vi: Using global IVHD EFR:0x246577efa2254afa, EFR2:0x0
May 06 13:35:38 hoth kernel: x2apic: IRQ remapping doesn't support X2APIC mode
May 06 13:35:38 hoth kernel: Switched APIC routing to physical flat.
May 06 13:35:38 hoth kernel: ..TIMER: vector=0x30 apic1=0 pin1=2 apic2=-1 pin2=-1
May 06 13:35:38 hoth kernel: clocksource: tsc-early: mask: 0xffffffffffffffff max_cycles: 0x40dd70f951e, max_idle_ns: 440795424729 ns
May 06 13:35:38 hoth kernel: Calibrating delay loop (skipped), value calculated using timer frequency.. 9003.01 BogoMIPS (lpj=15000030)
May 06 13:35:38 hoth kernel: pid_max: default: 32768 minimum: 301
May 06 13:35:38 hoth kernel: LSM: Security Framework initializing
May 06 13:35:38 hoth kernel: landlock: Up and running.
May 06 13:35:38 hoth kernel: Yama: becoming mindful.
May 06 13:35:38 hoth kernel: LSM support for eBPF active
May 06 13:35:38 hoth kernel: Mount-cache hash table entries: 65536 (order: 7, 524288 bytes, linear)
May 06 13:35:38 hoth kernel: Mountpoint-cache hash table entries: 65536 (order: 7, 524288 bytes, linear)
May 06 13:35:38 hoth kernel: x86/cpu: User Mode Instruction Prevention (UMIP) activated
May 06 13:35:38 hoth kernel: LVT offset 1 assigned for vector 0xf9
May 06 13:35:38 hoth kernel: LVT offset 2 assigned for vector 0xf4
May 06 13:35:38 hoth kernel: process: using mwait in idle threads
May 06 13:35:38 hoth kernel: Last level iTLB entries: 4KB 512, 2MB 512, 4MB 256
May 06 13:35:38 hoth kernel: Last level dTLB entries: 4KB 3072, 2MB 3072, 4MB 1536, 1GB 0
May 06 13:35:38 hoth kernel: Spectre V1 : Mitigation: usercopy/swapgs barriers and __user pointer sanitization
May 06 13:35:38 hoth kernel: Spectre V2 : Mitigation: Retpolines
May 06 13:35:38 hoth kernel: Spectre V2 : Spectre v2 / SpectreRSB mitigation: Filling RSB on context switch
May 06 13:35:38 hoth kernel: Spectre V2 : Spectre v2 / SpectreRSB : Filling RSB on VMEXIT
May 06 13:35:38 hoth kernel: Spectre V2 : Enabling Restricted Speculation for firmware calls
May 06 13:35:38 hoth kernel: Spectre V2 : mitigation: Enabling conditional Indirect Branch Prediction Barrier
May 06 13:35:38 hoth kernel: Spectre V2 : User space: Mitigation: STIBP always-on protection
May 06 13:35:38 hoth kernel: Speculative Store Bypass: Mitigation: Speculative Store Bypass disabled via prctl
May 06 13:35:38 hoth kernel: Freeing SMP alternatives memory: 40K
May 06 13:35:38 hoth kernel: smpboot: CPU0: AMD Ryzen 7 7700X 8-Core Processor (family: 0x19, model: 0x61, stepping: 0x2)
May 06 13:35:38 hoth kernel: cblist_init_generic: Setting adjustable number of callback queues.
May 06 13:35:38 hoth kernel: cblist_init_generic: Setting shift to 4 and lim to 1.
May 06 13:35:38 hoth kernel: cblist_init_generic: Setting shift to 4 and lim to 1.
May 06 13:35:38 hoth kernel: cblist_init_generic: Setting shift to 4 and lim to 1.
May 06 13:35:38 hoth kernel: Performance Events: Fam17h+ 16-deep LBR, core perfctr, AMD PMU driver.
May 06 13:35:38 hoth kernel: ... version:                2
May 06 13:35:38 hoth kernel: ... bit width:              48
May 06 13:35:38 hoth kernel: ... generic registers:      6
May 06 13:35:38 hoth kernel: ... value mask:             0000ffffffffffff
May 06 13:35:38 hoth kernel: ... max period:             00007fffffffffff
May 06 13:35:38 hoth kernel: ... fixed-purpose events:   0
May 06 13:35:38 hoth kernel: ... event mask:             000000000000003f
May 06 13:35:38 hoth kernel: rcu: Hierarchical SRCU implementation.
May 06 13:35:38 hoth kernel: rcu:         Max phase no-delay instances is 1000.
May 06 13:35:38 hoth kernel: NMI watchdog: Enabled. Permanently consumes one hw-PMU counter.
May 06 13:35:38 hoth kernel: smp: Bringing up secondary CPUs ...
May 06 13:35:38 hoth kernel: x86: Booting SMP configuration:
May 06 13:35:38 hoth kernel: .... node  #0, CPUs:        #1  #2  #3  #4  #5  #6  #7  #8
May 06 13:35:38 hoth kernel: Spectre V2 : Update user space SMT mitigation: STIBP always-on
May 06 13:35:38 hoth kernel:   #9 #10 #11 #12 #13 #14 #15
May 06 13:35:38 hoth kernel: smp: Brought up 1 node, 16 CPUs
May 06 13:35:38 hoth kernel: smpboot: Max logical packages: 1
May 06 13:35:38 hoth kernel: smpboot: Total of 16 processors activated (144057.30 BogoMIPS)
May 06 13:35:38 hoth kernel: devtmpfs: initialized
May 06 13:35:38 hoth kernel: x86/mm: Memory block size: 128MB
May 06 13:35:38 hoth kernel: ACPI: PM: Registering ACPI NVS region [mem 0x0a200000-0x0a20ffff] (65536 bytes)
May 06 13:35:38 hoth kernel: ACPI: PM: Registering ACPI NVS region [mem 0xa667f000-0xa867efff] (33554432 bytes)
May 06 13:35:38 hoth kernel: clocksource: jiffies: mask: 0xffffffff max_cycles: 0xffffffff, max_idle_ns: 6370867519511994 ns
May 06 13:35:38 hoth kernel: futex hash table entries: 4096 (order: 6, 262144 bytes, linear)
May 06 13:35:38 hoth kernel: pinctrl core: initialized pinctrl subsystem
May 06 13:35:38 hoth kernel: PM: RTC time: 13:35:34, date: 2023-05-06
May 06 13:35:38 hoth kernel: NET: Registered PF_NETLINK/PF_ROUTE protocol family
May 06 13:35:38 hoth kernel: DMA: preallocated 4096 KiB GFP_KERNEL pool for atomic allocations
May 06 13:35:38 hoth kernel: DMA: preallocated 4096 KiB GFP_KERNEL|GFP_DMA pool for atomic allocations
May 06 13:35:38 hoth kernel: DMA: preallocated 4096 KiB GFP_KERNEL|GFP_DMA32 pool for atomic allocations
May 06 13:35:38 hoth kernel: audit: initializing netlink subsys (disabled)
May 06 13:35:38 hoth kernel: audit: type=2000 audit(1683380134.166:1): state=initialized audit_enabled=0 res=1
May 06 13:35:38 hoth kernel: thermal_sys: Registered thermal governor 'fair_share'
May 06 13:35:38 hoth kernel: thermal_sys: Registered thermal governor 'bang_bang'
May 06 13:35:38 hoth kernel: thermal_sys: Registered thermal governor 'step_wise'
May 06 13:35:38 hoth kernel: thermal_sys: Registered thermal governor 'user_space'
May 06 13:35:38 hoth kernel: thermal_sys: Registered thermal governor 'power_allocator'
May 06 13:35:38 hoth kernel: cpuidle: using governor ladder
May 06 13:35:38 hoth kernel: cpuidle: using governor menu
May 06 13:35:38 hoth kernel: acpiphp: ACPI Hot Plug PCI Controller Driver version: 0.5
May 06 13:35:38 hoth kernel: PCI: MMCONFIG for domain 0000 [bus 00-7f] at [mem 0xf0000000-0xf7ffffff] (base 0xf0000000)
May 06 13:35:38 hoth kernel: PCI: MMCONFIG at [mem 0xf0000000-0xf7ffffff] reserved in E820
May 06 13:35:38 hoth kernel: PCI: Using configuration type 1 for base access
May 06 13:35:38 hoth kernel: kprobes: kprobe jump-optimization is enabled. All kprobes are optimized if possible.
May 06 13:35:38 hoth kernel: HugeTLB: registered 1.00 GiB page size, pre-allocated 0 pages
May 06 13:35:38 hoth kernel: HugeTLB: 16380 KiB vmemmap can be freed for a 1.00 GiB page
May 06 13:35:38 hoth kernel: HugeTLB: registered 2.00 MiB page size, pre-allocated 0 pages
May 06 13:35:38 hoth kernel: HugeTLB: 28 KiB vmemmap can be freed for a 2.00 MiB page
May 06 13:35:38 hoth kernel: ACPI: Added _OSI(Module Device)
May 06 13:35:38 hoth kernel: ACPI: Added _OSI(Processor Device)
May 06 13:35:38 hoth kernel: ACPI: Added _OSI(3.0 _SCP Extensions)
May 06 13:35:38 hoth kernel: ACPI: Added _OSI(Processor Aggregator Device)
May 06 13:35:38 hoth kernel: ACPI BIOS Error (bug): Failure creating named object [\_GPE._L02], AE_ALREADY_EXISTS (20220331/dswload2-326)
May 06 13:35:38 hoth kernel: ACPI Error: AE_ALREADY_EXISTS, During name lookup/catalog (20220331/psobject-220)
May 06 13:35:38 hoth kernel: ACPI: Skipping parse of AML opcode: Method (0x0014)
May 06 13:35:38 hoth kernel: ACPI BIOS Error (bug): Could not resolve symbol [\_SB.PCI0.GPP7.UP00.DP40.UP00.DP68], AE_NOT_FOUND (20220331/dswload2-162)
May 06 13:35:38 hoth kernel: ACPI Error: AE_NOT_FOUND, During name lookup/catalog (20220331/psobject-220)
May 06 13:35:38 hoth kernel: ACPI: Skipping parse of AML opcode: Scope (0x0010)
May 06 13:35:38 hoth kernel: ACPI: 17 ACPI AML tables successfully acquired and loaded
May 06 13:35:38 hoth kernel: ACPI: [Firmware Bug]: BIOS _OSI(Linux) query ignored
May 06 13:35:38 hoth kernel: ACPI: Interpreter enabled
May 06 13:35:38 hoth kernel: ACPI: PM: (supports S0 S4 S5)
May 06 13:35:38 hoth kernel: ACPI: Using IOAPIC for interrupt routing
May 06 13:35:38 hoth kernel: PCI: Using host bridge windows from ACPI; if necessary, use "pci=nocrs" and report a bug
May 06 13:35:38 hoth kernel: PCI: Using E820 reservations for host bridge windows
May 06 13:35:38 hoth kernel: ACPI: Enabled 10 GPEs in block 00 to 1F
May 06 13:35:38 hoth kernel: ACPI: PM: Power Resource [M237]
May 06 13:35:38 hoth kernel: ACPI: PM: Power Resource [PWR1]
May 06 13:35:38 hoth kernel: ACPI: PM: Power Resource [PWR1]
May 06 13:35:38 hoth kernel: ACPI: PCI Root Bridge [PCI0] (domain 0000 [bus 00-ff])
May 06 13:35:38 hoth kernel: acpi PNP0A08:00: _OSC: OS supports [ExtendedConfig ASPM ClockPM Segments MSI EDR HPX-Type3]
May 06 13:35:38 hoth kernel: acpi PNP0A08:00: _OSC: OS now controls [PCIeHotplug SHPCHotplug PME AER PCIeCapability LTR DPC]
May 06 13:35:38 hoth kernel: acpi PNP0A08:00: [Firmware Info]: MMCONFIG for domain 0000 [bus 00-7f] only partially covers this bridge
May 06 13:35:38 hoth kernel: PCI host bridge to bus 0000:00
May 06 13:35:38 hoth kernel: pci_bus 0000:00: root bus resource [io  0x0000-0x03af window]
May 06 13:35:38 hoth kernel: pci_bus 0000:00: root bus resource [io  0x03e0-0x0cf7 window]
May 06 13:35:38 hoth kernel: pci_bus 0000:00: root bus resource [io  0x03b0-0x03df window]
May 06 13:35:38 hoth kernel: pci_bus 0000:00: root bus resource [io  0x0d00-0xffff window]
May 06 13:35:38 hoth kernel: pci_bus 0000:00: root bus resource [mem 0x000a0000-0x000dffff window]
May 06 13:35:38 hoth kernel: pci_bus 0000:00: root bus resource [mem 0xb0000000-0xfcffffff window]
May 06 13:35:38 hoth kernel: pci_bus 0000:00: root bus resource [mem 0x850000000-0xfcffffffff window]
May 06 13:35:38 hoth kernel: pci_bus 0000:00: root bus resource [bus 00-ff]
May 06 13:35:38 hoth kernel: pci 0000:00:00.0: [1022:14d8] type 00 class 0x060000
May 06 13:35:38 hoth kernel: pci 0000:00:00.2: [1022:14d9] type 00 class 0x080600
May 06 13:35:38 hoth kernel: pci 0000:00:01.0: [1022:14da] type 00 class 0x060000
May 06 13:35:38 hoth kernel: pci 0000:00:01.1: [1022:14db] type 01 class 0x060400
May 06 13:35:38 hoth kernel: pci 0000:00:01.1: PME# supported from D0 D3hot D3cold
May 06 13:35:38 hoth kernel: pci 0000:00:01.2: [1022:14db] type 01 class 0x060400
May 06 13:35:38 hoth kernel: pci 0000:00:01.2: enabling Extended Tags
May 06 13:35:38 hoth kernel: pci 0000:00:01.2: PME# supported from D0 D3hot D3cold
May 06 13:35:38 hoth kernel: pci 0000:00:02.0: [1022:14da] type 00 class 0x060000
May 06 13:35:38 hoth kernel: pci 0000:00:02.1: [1022:14db] type 01 class 0x060400
May 06 13:35:38 hoth kernel: pci 0000:00:02.1: enabling Extended Tags
May 06 13:35:38 hoth kernel: pci 0000:00:02.1: PME# supported from D0 D3hot D3cold
May 06 13:35:38 hoth kernel: pci 0000:00:03.0: [1022:14da] type 00 class 0x060000
May 06 13:35:38 hoth kernel: pci 0000:00:04.0: [1022:14da] type 00 class 0x060000
May 06 13:35:38 hoth kernel: pci 0000:00:08.0: [1022:14da] type 00 class 0x060000
May 06 13:35:38 hoth kernel: pci 0000:00:08.1: [1022:14dd] type 01 class 0x060400
May 06 13:35:38 hoth kernel: pci 0000:00:08.1: enabling Extended Tags
May 06 13:35:38 hoth kernel: pci 0000:00:08.1: PME# supported from D0 D3hot D3cold
May 06 13:35:38 hoth kernel: pci 0000:00:08.3: [1022:14dd] type 01 class 0x060400
May 06 13:35:38 hoth kernel: pci 0000:00:08.3: enabling Extended Tags
May 06 13:35:38 hoth kernel: pci 0000:00:08.3: PME# supported from D0 D3hot D3cold
May 06 13:35:38 hoth kernel: pci 0000:00:14.0: [1022:790b] type 00 class 0x0c0500
May 06 13:35:38 hoth kernel: pci 0000:00:14.3: [1022:790e] type 00 class 0x060100
May 06 13:35:38 hoth kernel: pci 0000:00:18.0: [1022:14e0] type 00 class 0x060000
May 06 13:35:38 hoth kernel: pci 0000:00:18.1: [1022:14e1] type 00 class 0x060000
May 06 13:35:38 hoth kernel: pci 0000:00:18.2: [1022:14e2] type 00 class 0x060000
May 06 13:35:38 hoth kernel: pci 0000:00:18.3: [1022:14e3] type 00 class 0x060000
May 06 13:35:38 hoth kernel: pci 0000:00:18.4: [1022:14e4] type 00 class 0x060000
May 06 13:35:38 hoth kernel: pci 0000:00:18.5: [1022:14e5] type 00 class 0x060000
May 06 13:35:38 hoth kernel: pci 0000:00:18.6: [1022:14e6] type 00 class 0x060000
May 06 13:35:38 hoth kernel: pci 0000:00:18.7: [1022:14e7] type 00 class 0x060000
May 06 13:35:38 hoth kernel: pci 0000:01:00.0: [10de:1e87] type 00 class 0x030000
May 06 13:35:38 hoth kernel: pci 0000:01:00.0: reg 0x10: [mem 0xfb000000-0xfbffffff]
May 06 13:35:38 hoth kernel: pci 0000:01:00.0: reg 0x14: [mem 0xfcc0000000-0xfccfffffff 64bit pref]
May 06 13:35:38 hoth kernel: pci 0000:01:00.0: reg 0x1c: [mem 0xfcd0000000-0xfcd1ffffff 64bit pref]
May 06 13:35:38 hoth kernel: pci 0000:01:00.0: reg 0x24: [io  0xf000-0xf07f]
May 06 13:35:38 hoth kernel: pci 0000:01:00.0: reg 0x30: [mem 0xfc000000-0xfc07ffff pref]
May 06 13:35:38 hoth kernel: pci 0000:01:00.0: BAR 1: assigned to efifb
May 06 13:35:38 hoth kernel: pci 0000:01:00.0: PME# supported from D0 D3hot
May 06 13:35:38 hoth kernel: pci 0000:01:00.0: 32.000 Gb/s available PCIe bandwidth, limited by 2.5 GT/s PCIe x16 link at 0000:00:01.1 (capable of 126.016 Gb/s with 8.0 GT/s PCIe x16 link)
May 06 13:35:38 hoth kernel: pci 0000:01:00.1: [10de:10f8] type 00 class 0x040300
May 06 13:35:38 hoth kernel: pci 0000:01:00.1: reg 0x10: [mem 0xfc080000-0xfc083fff]
May 06 13:35:38 hoth kernel: pci 0000:01:00.2: [10de:1ad8] type 00 class 0x0c0330
May 06 13:35:38 hoth kernel: pci 0000:01:00.2: reg 0x10: [mem 0xfcd2000000-0xfcd203ffff 64bit pref]
May 06 13:35:38 hoth kernel: pci 0000:01:00.2: reg 0x1c: [mem 0xfcd2040000-0xfcd204ffff 64bit pref]
May 06 13:35:38 hoth kernel: pci 0000:01:00.2: PME# supported from D0 D3hot
May 06 13:35:38 hoth kernel: pci 0000:01:00.3: [10de:1ad9] type 00 class 0x0c8000
May 06 13:35:38 hoth kernel: pci 0000:01:00.3: reg 0x10: [mem 0xfc084000-0xfc084fff]
May 06 13:35:38 hoth kernel: pci 0000:01:00.3: PME# supported from D0 D3hot
May 06 13:35:38 hoth kernel: pci 0000:00:01.1: PCI bridge to [bus 01]
May 06 13:35:38 hoth kernel: pci 0000:00:01.1:   bridge window [io  0xf000-0xffff]
May 06 13:35:38 hoth kernel: pci 0000:00:01.1:   bridge window [mem 0xfb000000-0xfc0fffff]
May 06 13:35:38 hoth kernel: pci 0000:00:01.1:   bridge window [mem 0xfcc0000000-0xfcd20fffff 64bit pref]
May 06 13:35:38 hoth kernel: pci 0000:02:00.0: [15b7:5017] type 00 class 0x010802
May 06 13:35:38 hoth kernel: pci 0000:02:00.0: reg 0x10: [mem 0xfcc00000-0xfcc03fff 64bit]
May 06 13:35:38 hoth kernel: pci 0000:00:01.2: PCI bridge to [bus 02]
May 06 13:35:38 hoth kernel: pci 0000:00:01.2:   bridge window [mem 0xfcc00000-0xfccfffff]
May 06 13:35:38 hoth kernel: pci 0000:03:00.0: [1022:43f4] type 01 class 0x060400
May 06 13:35:38 hoth kernel: pci 0000:03:00.0: enabling Extended Tags
May 06 13:35:38 hoth kernel: pci 0000:03:00.0: PME# supported from D0 D3hot D3cold
May 06 13:35:38 hoth kernel: pci 0000:00:02.1: PCI bridge to [bus 03-0f]
May 06 13:35:38 hoth kernel: pci 0000:00:02.1:   bridge window [io  0xe000-0xefff]
May 06 13:35:38 hoth kernel: pci 0000:00:02.1:   bridge window [mem 0xfc200000-0xfc6fffff]
May 06 13:35:38 hoth kernel: pci 0000:00:02.1:   bridge window [mem 0xfcf0300000-0xfcf03fffff 64bit pref]
May 06 13:35:38 hoth kernel: pci 0000:04:00.0: [1022:43f5] type 01 class 0x060400
May 06 13:35:38 hoth kernel: pci 0000:04:00.0: enabling Extended Tags
May 06 13:35:38 hoth kernel: pci 0000:04:00.0: PME# supported from D0 D3hot D3cold
May 06 13:35:38 hoth kernel: pci 0000:04:04.0: [1022:43f5] type 01 class 0x060400
May 06 13:35:38 hoth kernel: pci 0000:04:04.0: enabling Extended Tags
May 06 13:35:38 hoth kernel: pci 0000:04:04.0: PME# supported from D0 D3hot D3cold
May 06 13:35:38 hoth kernel: pci 0000:04:05.0: [1022:43f5] type 01 class 0x060400
May 06 13:35:38 hoth kernel: pci 0000:04:05.0: enabling Extended Tags
May 06 13:35:38 hoth kernel: pci 0000:04:05.0: PME# supported from D0 D3hot D3cold
May 06 13:35:38 hoth kernel: pci 0000:04:06.0: [1022:43f5] type 01 class 0x060400
May 06 13:35:38 hoth kernel: pci 0000:04:06.0: enabling Extended Tags
May 06 13:35:38 hoth kernel: pci 0000:04:06.0: PME# supported from D0 D3hot D3cold
May 06 13:35:38 hoth kernel: pci 0000:04:07.0: [1022:43f5] type 01 class 0x060400
May 06 13:35:38 hoth kernel: pci 0000:04:07.0: enabling Extended Tags
May 06 13:35:38 hoth kernel: pci 0000:04:07.0: PME# supported from D0 D3hot D3cold
May 06 13:35:38 hoth kernel: pci 0000:04:08.0: [1022:43f5] type 01 class 0x060400
May 06 13:35:38 hoth kernel: pci 0000:04:08.0: enabling Extended Tags
May 06 13:35:38 hoth kernel: pci 0000:04:08.0: PME# supported from D0 D3hot D3cold
May 06 13:35:38 hoth kernel: pci 0000:04:09.0: [1022:43f5] type 01 class 0x060400
May 06 13:35:38 hoth kernel: pci 0000:04:09.0: enabling Extended Tags
May 06 13:35:38 hoth kernel: pci 0000:04:09.0: PME# supported from D0 D3hot D3cold
May 06 13:35:38 hoth kernel: pci 0000:04:0a.0: [1022:43f5] type 01 class 0x060400
May 06 13:35:38 hoth kernel: pci 0000:04:0a.0: enabling Extended Tags
May 06 13:35:38 hoth kernel: pci 0000:04:0a.0: PME# supported from D0 D3hot D3cold
May 06 13:35:38 hoth kernel: pci 0000:04:0b.0: [1022:43f5] type 01 class 0x060400
May 06 13:35:38 hoth kernel: pci 0000:04:0b.0: enabling Extended Tags
May 06 13:35:38 hoth kernel: pci 0000:04:0b.0: PME# supported from D0 D3hot D3cold
May 06 13:35:38 hoth kernel: pci 0000:04:0c.0: [1022:43f5] type 01 class 0x060400
May 06 13:35:38 hoth kernel: pci 0000:04:0c.0: enabling Extended Tags
May 06 13:35:38 hoth kernel: pci 0000:04:0c.0: PME# supported from D0 D3hot D3cold
May 06 13:35:38 hoth kernel: pci 0000:04:0d.0: [1022:43f5] type 01 class 0x060400
May 06 13:35:38 hoth kernel: pci 0000:04:0d.0: enabling Extended Tags
May 06 13:35:38 hoth kernel: pci 0000:04:0d.0: PME# supported from D0 D3hot D3cold
May 06 13:35:38 hoth kernel: pci 0000:03:00.0: PCI bridge to [bus 04-0f]
May 06 13:35:38 hoth kernel: pci 0000:03:00.0:   bridge window [io  0xe000-0xefff]
May 06 13:35:38 hoth kernel: pci 0000:03:00.0:   bridge window [mem 0xfc200000-0xfc6fffff]
May 06 13:35:38 hoth kernel: pci 0000:03:00.0:   bridge window [mem 0xfcf0300000-0xfcf03fffff 64bit pref]
May 06 13:35:38 hoth kernel: pci 0000:04:00.0: PCI bridge to [bus 05]
May 06 13:35:38 hoth kernel: pci 0000:04:04.0: PCI bridge to [bus 06]
May 06 13:35:38 hoth kernel: pci 0000:04:05.0: PCI bridge to [bus 07]
May 06 13:35:38 hoth kernel: pci 0000:08:00.0: [1b21:1064] type 00 class 0x010601
May 06 13:35:38 hoth kernel: pci 0000:08:00.0: reg 0x10: [mem 0xfc682000-0xfc683fff]
May 06 13:35:38 hoth kernel: pci 0000:08:00.0: reg 0x24: [mem 0xfc680000-0xfc681fff]
May 06 13:35:38 hoth kernel: pci 0000:08:00.0: reg 0x30: [mem 0xfc600000-0xfc67ffff pref]
May 06 13:35:38 hoth kernel: pci 0000:08:00.0: enabling Extended Tags
May 06 13:35:38 hoth kernel: pci 0000:08:00.0: PME# supported from D0 D3hot D3cold
May 06 13:35:38 hoth kernel: pci 0000:04:06.0: PCI bridge to [bus 08]
May 06 13:35:38 hoth kernel: pci 0000:04:06.0:   bridge window [mem 0xfc600000-0xfc6fffff]
May 06 13:35:38 hoth kernel: pci 0000:04:07.0: PCI bridge to [bus 09]
May 06 13:35:38 hoth kernel: pci 0000:04:08.0: PCI bridge to [bus 0a]
May 06 13:35:38 hoth kernel: pci 0000:04:09.0: PCI bridge to [bus 0b]
May 06 13:35:38 hoth kernel: pci 0000:0c:00.0: [10ec:8125] type 00 class 0x020000
May 06 13:35:38 hoth kernel: pci 0000:0c:00.0: reg 0x10: [io  0xe000-0xe0ff]
May 06 13:35:38 hoth kernel: pci 0000:0c:00.0: reg 0x18: [mem 0xfc500000-0xfc50ffff 64bit]
May 06 13:35:38 hoth kernel: pci 0000:0c:00.0: reg 0x20: [mem 0xfc510000-0xfc513fff 64bit]
May 06 13:35:38 hoth kernel: pci 0000:0c:00.0: supports D1 D2
May 06 13:35:38 hoth kernel: pci 0000:0c:00.0: PME# supported from D0 D1 D2 D3hot D3cold
May 06 13:35:38 hoth kernel: pci 0000:04:0a.0: PCI bridge to [bus 0c]
May 06 13:35:38 hoth kernel: pci 0000:04:0a.0:   bridge window [io  0xe000-0xefff]
May 06 13:35:38 hoth kernel: pci 0000:04:0a.0:   bridge window [mem 0xfc500000-0xfc5fffff]
May 06 13:35:38 hoth kernel: pci 0000:0d:00.0: [14c3:0616] type 00 class 0x028000
May 06 13:35:38 hoth kernel: pci 0000:0d:00.0: reg 0x10: [mem 0xfcf0300000-0xfcf03fffff 64bit pref]
May 06 13:35:38 hoth kernel: pci 0000:0d:00.0: reg 0x18: [mem 0xfc400000-0xfc407fff 64bit]
May 06 13:35:38 hoth kernel: pci 0000:0d:00.0: enabling Extended Tags
May 06 13:35:38 hoth kernel: pci 0000:0d:00.0: PME# supported from D0 D3hot D3cold
May 06 13:35:38 hoth kernel: pci 0000:04:0b.0: PCI bridge to [bus 0d]
May 06 13:35:38 hoth kernel: pci 0000:04:0b.0:   bridge window [mem 0xfc400000-0xfc4fffff]
May 06 13:35:38 hoth kernel: pci 0000:04:0b.0:   bridge window [mem 0xfcf0300000-0xfcf03fffff 64bit pref]
May 06 13:35:38 hoth kernel: pci 0000:0e:00.0: [1022:43f7] type 00 class 0x0c0330
May 06 13:35:38 hoth kernel: pci 0000:0e:00.0: reg 0x10: [mem 0xfc300000-0xfc307fff 64bit]
May 06 13:35:38 hoth kernel: pci 0000:0e:00.0: enabling Extended Tags
May 06 13:35:38 hoth kernel: pci 0000:0e:00.0: PME# supported from D0 D3hot D3cold
May 06 13:35:38 hoth kernel: pci 0000:04:0c.0: PCI bridge to [bus 0e]
May 06 13:35:38 hoth kernel: pci 0000:04:0c.0:   bridge window [mem 0xfc300000-0xfc3fffff]
May 06 13:35:38 hoth kernel: pci 0000:0f:00.0: [1022:43f6] type 00 class 0x010601
May 06 13:35:38 hoth kernel: pci 0000:0f:00.0: reg 0x24: [mem 0xfc280000-0xfc2803ff]
May 06 13:35:38 hoth kernel: pci 0000:0f:00.0: reg 0x30: [mem 0xfc200000-0xfc27ffff pref]
May 06 13:35:38 hoth kernel: pci 0000:0f:00.0: enabling Extended Tags
May 06 13:35:38 hoth kernel: pci 0000:0f:00.0: PME# supported from D0 D3hot D3cold
May 06 13:35:38 hoth kernel: pci 0000:04:0d.0: PCI bridge to [bus 0f]
May 06 13:35:38 hoth kernel: pci 0000:04:0d.0:   bridge window [mem 0xfc200000-0xfc2fffff]
May 06 13:35:38 hoth kernel: pci 0000:10:00.0: [1002:164e] type 00 class 0x030000
May 06 13:35:38 hoth kernel: pci 0000:10:00.0: reg 0x10: [mem 0xfce0000000-0xfcefffffff 64bit pref]
May 06 13:35:38 hoth kernel: pci 0000:10:00.0: reg 0x18: [mem 0xfcf0000000-0xfcf01fffff 64bit pref]
May 06 13:35:38 hoth kernel: pci 0000:10:00.0: reg 0x20: [io  0xd000-0xd0ff]
May 06 13:35:38 hoth kernel: pci 0000:10:00.0: reg 0x24: [mem 0xfca00000-0xfca7ffff]
May 06 13:35:38 hoth kernel: pci 0000:10:00.0: enabling Extended Tags
May 06 13:35:38 hoth kernel: pci 0000:10:00.0: PME# supported from D1 D2 D3hot D3cold
May 06 13:35:38 hoth kernel: pci 0000:10:00.1: [1002:1640] type 00 class 0x040300
May 06 13:35:38 hoth kernel: pci 0000:10:00.1: reg 0x10: [mem 0xfca88000-0xfca8bfff]
May 06 13:35:38 hoth kernel: pci 0000:10:00.1: enabling Extended Tags
May 06 13:35:38 hoth kernel: pci 0000:10:00.1: PME# supported from D1 D2 D3hot D3cold
May 06 13:35:38 hoth kernel: pci 0000:10:00.2: [1022:1649] type 00 class 0x108000
May 06 13:35:38 hoth kernel: pci 0000:10:00.2: reg 0x18: [mem 0xfc900000-0xfc9fffff]
May 06 13:35:38 hoth kernel: pci 0000:10:00.2: reg 0x24: [mem 0xfca8c000-0xfca8dfff]
May 06 13:35:38 hoth kernel: pci 0000:10:00.2: enabling Extended Tags
May 06 13:35:38 hoth kernel: pci 0000:10:00.3: [1022:15b6] type 00 class 0x0c0330
May 06 13:35:38 hoth kernel: pci 0000:10:00.3: reg 0x10: [mem 0xfc800000-0xfc8fffff 64bit]
May 06 13:35:38 hoth kernel: pci 0000:10:00.3: enabling Extended Tags
May 06 13:35:38 hoth kernel: pci 0000:10:00.3: PME# supported from D0 D3hot D3cold
May 06 13:35:38 hoth kernel: pci 0000:10:00.4: [1022:15b7] type 00 class 0x0c0330
May 06 13:35:38 hoth kernel: pci 0000:10:00.4: reg 0x10: [mem 0xfc700000-0xfc7fffff 64bit]
May 06 13:35:38 hoth kernel: pci 0000:10:00.4: enabling Extended Tags
May 06 13:35:38 hoth kernel: pci 0000:10:00.4: PME# supported from D0 D3hot D3cold
May 06 13:35:38 hoth kernel: pci 0000:10:00.6: [1022:15e3] type 00 class 0x040300
May 06 13:35:38 hoth kernel: pci 0000:10:00.6: reg 0x10: [mem 0xfca80000-0xfca87fff]
May 06 13:35:38 hoth kernel: pci 0000:10:00.6: enabling Extended Tags
May 06 13:35:38 hoth kernel: pci 0000:10:00.6: PME# supported from D0 D3hot D3cold
May 06 13:35:38 hoth kernel: pci 0000:00:08.1: PCI bridge to [bus 10]
May 06 13:35:38 hoth kernel: pci 0000:00:08.1:   bridge window [io  0xd000-0xdfff]
May 06 13:35:38 hoth kernel: pci 0000:00:08.1:   bridge window [mem 0xfc700000-0xfcafffff]
May 06 13:35:38 hoth kernel: pci 0000:00:08.1:   bridge window [mem 0xfce0000000-0xfcf01fffff 64bit pref]
May 06 13:35:38 hoth kernel: pci 0000:11:00.0: [1022:15b8] type 00 class 0x0c0330
May 06 13:35:38 hoth kernel: pci 0000:11:00.0: reg 0x10: [mem 0xfcb00000-0xfcbfffff 64bit]
May 06 13:35:38 hoth kernel: pci 0000:11:00.0: enabling Extended Tags
May 06 13:35:38 hoth kernel: pci 0000:11:00.0: PME# supported from D0 D3hot D3cold
May 06 13:35:38 hoth kernel: pci 0000:00:08.3: PCI bridge to [bus 11]
May 06 13:35:38 hoth kernel: pci 0000:00:08.3:   bridge window [mem 0xfcb00000-0xfcbfffff]
May 06 13:35:38 hoth kernel: ACPI: PCI: Interrupt link LNKA configured for IRQ 0
May 06 13:35:38 hoth kernel: ACPI: PCI: Interrupt link LNKB configured for IRQ 0
May 06 13:35:38 hoth kernel: ACPI: PCI: Interrupt link LNKC configured for IRQ 0
May 06 13:35:38 hoth kernel: ACPI: PCI: Interrupt link LNKD configured for IRQ 0
May 06 13:35:38 hoth kernel: ACPI: PCI: Interrupt link LNKE configured for IRQ 0
May 06 13:35:38 hoth kernel: ACPI: PCI: Interrupt link LNKF configured for IRQ 0
May 06 13:35:38 hoth kernel: ACPI: PCI: Interrupt link LNKG configured for IRQ 0
May 06 13:35:38 hoth kernel: ACPI: PCI: Interrupt link LNKH configured for IRQ 0
May 06 13:35:38 hoth kernel: iommu: Default domain type: Translated 
May 06 13:35:38 hoth kernel: iommu: DMA domain TLB invalidation policy: lazy mode 
May 06 13:35:38 hoth kernel: SCSI subsystem initialized
May 06 13:35:38 hoth kernel: libata version 3.00 loaded.
May 06 13:35:38 hoth kernel: ACPI: bus type USB registered
May 06 13:35:38 hoth kernel: usbcore: registered new interface driver usbfs
May 06 13:35:38 hoth kernel: usbcore: registered new interface driver hub
May 06 13:35:38 hoth kernel: usbcore: registered new device driver usb
May 06 13:35:38 hoth kernel: pps_core: LinuxPPS API ver. 1 registered
May 06 13:35:38 hoth kernel: pps_core: Software ver. 5.3.6 - Copyright 2005-2007 Rodolfo Giometti <giometti@linux.it>
May 06 13:35:38 hoth kernel: PTP clock support registered
May 06 13:35:38 hoth kernel: EDAC MC: Ver: 3.0.0
May 06 13:35:38 hoth kernel: Registered efivars operations
May 06 13:35:38 hoth kernel: NetLabel: Initializing
May 06 13:35:38 hoth kernel: NetLabel:  domain hash size = 128
May 06 13:35:38 hoth kernel: NetLabel:  protocols = UNLABELED CIPSOv4 CALIPSO
May 06 13:35:38 hoth kernel: NetLabel:  unlabeled traffic allowed by default
May 06 13:35:38 hoth kernel: mctp: management component transport protocol core
May 06 13:35:38 hoth kernel: NET: Registered PF_MCTP protocol family
May 06 13:35:38 hoth kernel: PCI: Using ACPI for IRQ routing
May 06 13:35:38 hoth kernel: PCI: pci_cache_line_size set to 64 bytes
May 06 13:35:38 hoth kernel: Expanded resource Reserved due to conflict with PCI Bus 0000:00
May 06 13:35:38 hoth kernel: e820: reserve RAM buffer [mem 0x09e02000-0x0bffffff]
May 06 13:35:38 hoth kernel: e820: reserve RAM buffer [mem 0x0a200000-0x0bffffff]
May 06 13:35:38 hoth kernel: e820: reserve RAM buffer [mem 0x0b000000-0x0bffffff]
May 06 13:35:38 hoth kernel: e820: reserve RAM buffer [mem 0x9a454000-0x9bffffff]
May 06 13:35:38 hoth kernel: e820: reserve RAM buffer [mem 0x9b920000-0x9bffffff]
May 06 13:35:38 hoth kernel: e820: reserve RAM buffer [mem 0xa05cf000-0xa3ffffff]
May 06 13:35:38 hoth kernel: e820: reserve RAM buffer [mem 0xabffb000-0xabffffff]
May 06 13:35:38 hoth kernel: pci 0000:01:00.0: vgaarb: setting as boot VGA device
May 06 13:35:38 hoth kernel: pci 0000:01:00.0: vgaarb: bridge control possible
May 06 13:35:38 hoth kernel: pci 0000:01:00.0: vgaarb: VGA device added: decodes=io+mem,owns=none,locks=none
May 06 13:35:38 hoth kernel: pci 0000:10:00.0: vgaarb: bridge control possible
May 06 13:35:38 hoth kernel: pci 0000:10:00.0: vgaarb: VGA device added: decodes=io+mem,owns=none,locks=none
May 06 13:35:38 hoth kernel: vgaarb: loaded
May 06 13:35:38 hoth kernel: hpet0: at MMIO 0xfed00000, IRQs 2, 8, 0
May 06 13:35:38 hoth kernel: hpet0: 3 comparators, 32-bit 14.318180 MHz counter
May 06 13:35:38 hoth kernel: clocksource: Switched to clocksource tsc-early
May 06 13:35:38 hoth kernel: VFS: Disk quotas dquot_6.6.0
May 06 13:35:38 hoth kernel: VFS: Dquot-cache hash table entries: 512 (order 0, 4096 bytes)
May 06 13:35:38 hoth kernel: pnp: PnP ACPI init
May 06 13:35:38 hoth kernel: system 00:00: [mem 0xf0000000-0xf7ffffff] has been reserved
May 06 13:35:38 hoth kernel: system 00:01: [mem 0x828000000-0x847ffffff window] has been reserved
May 06 13:35:38 hoth kernel: system 00:03: [io  0x0a00-0x0a0f] has been reserved
May 06 13:35:38 hoth kernel: system 00:03: [io  0x0a10-0x0a1f] has been reserved
May 06 13:35:38 hoth kernel: system 00:03: [io  0x0a20-0x0a2f] has been reserved
May 06 13:35:38 hoth kernel: system 00:04: [io  0x04d0-0x04d1] has been reserved
May 06 13:35:38 hoth kernel: system 00:04: [io  0x040b] has been reserved
May 06 13:35:38 hoth kernel: system 00:04: [io  0x04d6] has been reserved
May 06 13:35:38 hoth kernel: system 00:04: [io  0x0c00-0x0c01] has been reserved
May 06 13:35:38 hoth kernel: system 00:04: [io  0x0c14] has been reserved
May 06 13:35:38 hoth kernel: system 00:04: [io  0x0c50-0x0c51] has been reserved
May 06 13:35:38 hoth kernel: system 00:04: [io  0x0c52] has been reserved
May 06 13:35:38 hoth kernel: system 00:04: [io  0x0c6c] has been reserved
May 06 13:35:38 hoth kernel: system 00:04: [io  0x0c6f] has been reserved
May 06 13:35:38 hoth kernel: system 00:04: [io  0x0cd8-0x0cdf] has been reserved
May 06 13:35:38 hoth kernel: system 00:04: [io  0x0800-0x089f] has been reserved
May 06 13:35:38 hoth kernel: system 00:04: [io  0x0b00-0x0b0f] has been reserved
May 06 13:35:38 hoth kernel: system 00:04: [io  0x0b20-0x0b3f] has been reserved
May 06 13:35:38 hoth kernel: system 00:04: [io  0x0900-0x090f] has been reserved
May 06 13:35:38 hoth kernel: system 00:04: [io  0x0910-0x091f] has been reserved
May 06 13:35:38 hoth kernel: system 00:04: [mem 0xfec00000-0xfec00fff] could not be reserved
May 06 13:35:38 hoth kernel: system 00:04: [mem 0xfec01000-0xfec01fff] could not be reserved
May 06 13:35:38 hoth kernel: system 00:04: [mem 0xfedc0000-0xfedc0fff] has been reserved
May 06 13:35:38 hoth kernel: system 00:04: [mem 0xfee00000-0xfee00fff] has been reserved
May 06 13:35:38 hoth kernel: system 00:04: [mem 0xfed80000-0xfed8ffff] could not be reserved
May 06 13:35:38 hoth kernel: system 00:04: [mem 0xfec10000-0xfec10fff] has been reserved
May 06 13:35:38 hoth kernel: system 00:04: [mem 0xfeb00000-0xfeb00fff] has been reserved
May 06 13:35:38 hoth kernel: system 00:04: [mem 0xff000000-0xffffffff] has been reserved
May 06 13:35:38 hoth kernel: pnp: PnP ACPI: found 5 devices
May 06 13:35:38 hoth kernel: clocksource: acpi_pm: mask: 0xffffff max_cycles: 0xffffff, max_idle_ns: 2085701024 ns
May 06 13:35:38 hoth kernel: NET: Registered PF_INET protocol family
May 06 13:35:38 hoth kernel: IP idents hash table entries: 262144 (order: 9, 2097152 bytes, linear)
May 06 13:35:38 hoth kernel: tcp_listen_portaddr_hash hash table entries: 16384 (order: 6, 262144 bytes, linear)
May 06 13:35:38 hoth kernel: Table-perturb hash table entries: 65536 (order: 6, 262144 bytes, linear)
May 06 13:35:38 hoth kernel: TCP established hash table entries: 262144 (order: 9, 2097152 bytes, linear)
May 06 13:35:38 hoth kernel: TCP bind hash table entries: 65536 (order: 9, 2097152 bytes, linear)
May 06 13:35:38 hoth kernel: TCP: Hash tables configured (established 262144 bind 65536)
May 06 13:35:38 hoth kernel: MPTCP token hash table entries: 32768 (order: 7, 786432 bytes, linear)
May 06 13:35:38 hoth kernel: UDP hash table entries: 16384 (order: 7, 524288 bytes, linear)
May 06 13:35:38 hoth kernel: UDP-Lite hash table entries: 16384 (order: 7, 524288 bytes, linear)
May 06 13:35:38 hoth kernel: NET: Registered PF_UNIX/PF_LOCAL protocol family
May 06 13:35:38 hoth kernel: NET: Registered PF_XDP protocol family
May 06 13:35:38 hoth kernel: pci 0000:00:01.1: PCI bridge to [bus 01]
May 06 13:35:38 hoth kernel: pci 0000:00:01.1:   bridge window [io  0xf000-0xffff]
May 06 13:35:38 hoth kernel: pci 0000:00:01.1:   bridge window [mem 0xfb000000-0xfc0fffff]
May 06 13:35:38 hoth kernel: pci 0000:00:01.1:   bridge window [mem 0xfcc0000000-0xfcd20fffff 64bit pref]
May 06 13:35:38 hoth kernel: pci 0000:00:01.2: PCI bridge to [bus 02]
May 06 13:35:38 hoth kernel: pci 0000:00:01.2:   bridge window [mem 0xfcc00000-0xfccfffff]
May 06 13:35:38 hoth kernel: pci 0000:04:00.0: PCI bridge to [bus 05]
May 06 13:35:38 hoth kernel: pci 0000:04:04.0: PCI bridge to [bus 06]
May 06 13:35:38 hoth kernel: pci 0000:04:05.0: PCI bridge to [bus 07]
May 06 13:35:38 hoth kernel: pci 0000:04:06.0: PCI bridge to [bus 08]
May 06 13:35:38 hoth kernel: pci 0000:04:06.0:   bridge window [mem 0xfc600000-0xfc6fffff]
May 06 13:35:38 hoth kernel: pci 0000:04:07.0: PCI bridge to [bus 09]
May 06 13:35:38 hoth kernel: pci 0000:04:08.0: PCI bridge to [bus 0a]
May 06 13:35:38 hoth kernel: pci 0000:04:09.0: PCI bridge to [bus 0b]
May 06 13:35:38 hoth kernel: pci 0000:04:0a.0: PCI bridge to [bus 0c]
May 06 13:35:38 hoth kernel: pci 0000:04:0a.0:   bridge window [io  0xe000-0xefff]
May 06 13:35:38 hoth kernel: pci 0000:04:0a.0:   bridge window [mem 0xfc500000-0xfc5fffff]
May 06 13:35:38 hoth kernel: pci 0000:04:0b.0: PCI bridge to [bus 0d]
May 06 13:35:38 hoth kernel: pci 0000:04:0b.0:   bridge window [mem 0xfc400000-0xfc4fffff]
May 06 13:35:38 hoth kernel: pci 0000:04:0b.0:   bridge window [mem 0xfcf0300000-0xfcf03fffff 64bit pref]
May 06 13:35:38 hoth kernel: pci 0000:04:0c.0: PCI bridge to [bus 0e]
May 06 13:35:38 hoth kernel: pci 0000:04:0c.0:   bridge window [mem 0xfc300000-0xfc3fffff]
May 06 13:35:38 hoth kernel: pci 0000:04:0d.0: PCI bridge to [bus 0f]
May 06 13:35:38 hoth kernel: pci 0000:04:0d.0:   bridge window [mem 0xfc200000-0xfc2fffff]
May 06 13:35:38 hoth kernel: pci 0000:03:00.0: PCI bridge to [bus 04-0f]
May 06 13:35:38 hoth kernel: pci 0000:03:00.0:   bridge window [io  0xe000-0xefff]
May 06 13:35:38 hoth kernel: pci 0000:03:00.0:   bridge window [mem 0xfc200000-0xfc6fffff]
May 06 13:35:38 hoth kernel: pci 0000:03:00.0:   bridge window [mem 0xfcf0300000-0xfcf03fffff 64bit pref]
May 06 13:35:38 hoth kernel: pci 0000:00:02.1: PCI bridge to [bus 03-0f]
May 06 13:35:38 hoth kernel: pci 0000:00:02.1:   bridge window [io  0xe000-0xefff]
May 06 13:35:38 hoth kernel: pci 0000:00:02.1:   bridge window [mem 0xfc200000-0xfc6fffff]
May 06 13:35:38 hoth kernel: pci 0000:00:02.1:   bridge window [mem 0xfcf0300000-0xfcf03fffff 64bit pref]
May 06 13:35:38 hoth kernel: pci 0000:00:08.1: PCI bridge to [bus 10]
May 06 13:35:38 hoth kernel: pci 0000:00:08.1:   bridge window [io  0xd000-0xdfff]
May 06 13:35:38 hoth kernel: pci 0000:00:08.1:   bridge window [mem 0xfc700000-0xfcafffff]
May 06 13:35:38 hoth kernel: pci 0000:00:08.1:   bridge window [mem 0xfce0000000-0xfcf01fffff 64bit pref]
May 06 13:35:38 hoth kernel: pci 0000:00:08.3: PCI bridge to [bus 11]
May 06 13:35:38 hoth kernel: pci 0000:00:08.3:   bridge window [mem 0xfcb00000-0xfcbfffff]
May 06 13:35:38 hoth kernel: pci_bus 0000:00: resource 4 [io  0x0000-0x03af window]
May 06 13:35:38 hoth kernel: pci_bus 0000:00: resource 5 [io  0x03e0-0x0cf7 window]
May 06 13:35:38 hoth kernel: pci_bus 0000:00: resource 6 [io  0x03b0-0x03df window]
May 06 13:35:38 hoth kernel: pci_bus 0000:00: resource 7 [io  0x0d00-0xffff window]
May 06 13:35:38 hoth kernel: pci_bus 0000:00: resource 8 [mem 0x000a0000-0x000dffff window]
May 06 13:35:38 hoth kernel: pci_bus 0000:00: resource 9 [mem 0xb0000000-0xfcffffff window]
May 06 13:35:38 hoth kernel: pci_bus 0000:00: resource 10 [mem 0x850000000-0xfcffffffff window]
May 06 13:35:38 hoth kernel: pci_bus 0000:01: resource 0 [io  0xf000-0xffff]
May 06 13:35:38 hoth kernel: pci_bus 0000:01: resource 1 [mem 0xfb000000-0xfc0fffff]
May 06 13:35:38 hoth kernel: pci_bus 0000:01: resource 2 [mem 0xfcc0000000-0xfcd20fffff 64bit pref]
May 06 13:35:38 hoth kernel: pci_bus 0000:02: resource 1 [mem 0xfcc00000-0xfccfffff]
May 06 13:35:38 hoth kernel: pci_bus 0000:03: resource 0 [io  0xe000-0xefff]
May 06 13:35:38 hoth kernel: pci_bus 0000:03: resource 1 [mem 0xfc200000-0xfc6fffff]
May 06 13:35:38 hoth kernel: pci_bus 0000:03: resource 2 [mem 0xfcf0300000-0xfcf03fffff 64bit pref]
May 06 13:35:38 hoth kernel: pci_bus 0000:04: resource 0 [io  0xe000-0xefff]
May 06 13:35:38 hoth kernel: pci_bus 0000:04: resource 1 [mem 0xfc200000-0xfc6fffff]
May 06 13:35:38 hoth kernel: pci_bus 0000:04: resource 2 [mem 0xfcf0300000-0xfcf03fffff 64bit pref]
May 06 13:35:38 hoth kernel: pci_bus 0000:08: resource 1 [mem 0xfc600000-0xfc6fffff]
May 06 13:35:38 hoth kernel: pci_bus 0000:0c: resource 0 [io  0xe000-0xefff]
May 06 13:35:38 hoth kernel: pci_bus 0000:0c: resource 1 [mem 0xfc500000-0xfc5fffff]
May 06 13:35:38 hoth kernel: pci_bus 0000:0d: resource 1 [mem 0xfc400000-0xfc4fffff]
May 06 13:35:38 hoth kernel: pci_bus 0000:0d: resource 2 [mem 0xfcf0300000-0xfcf03fffff 64bit pref]
May 06 13:35:38 hoth kernel: pci_bus 0000:0e: resource 1 [mem 0xfc300000-0xfc3fffff]
May 06 13:35:38 hoth kernel: pci_bus 0000:0f: resource 1 [mem 0xfc200000-0xfc2fffff]
May 06 13:35:38 hoth kernel: pci_bus 0000:10: resource 0 [io  0xd000-0xdfff]
May 06 13:35:38 hoth kernel: pci_bus 0000:10: resource 1 [mem 0xfc700000-0xfcafffff]
May 06 13:35:38 hoth kernel: pci_bus 0000:10: resource 2 [mem 0xfce0000000-0xfcf01fffff 64bit pref]
May 06 13:35:38 hoth kernel: pci_bus 0000:11: resource 1 [mem 0xfcb00000-0xfcbfffff]
May 06 13:35:38 hoth kernel: pci 0000:01:00.1: D0 power state depends on 0000:01:00.0
May 06 13:35:38 hoth kernel: pci 0000:01:00.2: D0 power state depends on 0000:01:00.0
May 06 13:35:38 hoth kernel: pci 0000:01:00.3: D0 power state depends on 0000:01:00.0
May 06 13:35:38 hoth kernel: pci 0000:10:00.1: D0 power state depends on 0000:10:00.0
May 06 13:35:38 hoth kernel: PCI: CLS 64 bytes, default 64
May 06 13:35:38 hoth kernel: pci 0000:00:00.2: AMD-Vi: IOMMU performance counters supported
May 06 13:35:38 hoth kernel: pci 0000:00:01.0: Adding to iommu group 0
May 06 13:35:38 hoth kernel: pci 0000:00:01.1: Adding to iommu group 1
May 06 13:35:38 hoth kernel: Trying to unpack rootfs image as initramfs...
May 06 13:35:38 hoth kernel: pci 0000:00:01.2: Adding to iommu group 2
May 06 13:35:38 hoth kernel: pci 0000:00:02.0: Adding to iommu group 3
May 06 13:35:38 hoth kernel: pci 0000:00:02.1: Adding to iommu group 4
May 06 13:35:38 hoth kernel: pci 0000:00:03.0: Adding to iommu group 5
May 06 13:35:38 hoth kernel: pci 0000:00:04.0: Adding to iommu group 6
May 06 13:35:38 hoth kernel: pci 0000:00:08.0: Adding to iommu group 7
May 06 13:35:38 hoth kernel: pci 0000:00:08.1: Adding to iommu group 8
May 06 13:35:38 hoth kernel: pci 0000:00:08.3: Adding to iommu group 9
May 06 13:35:38 hoth kernel: pci 0000:00:14.0: Adding to iommu group 10
May 06 13:35:38 hoth kernel: pci 0000:00:14.3: Adding to iommu group 10
May 06 13:35:38 hoth kernel: pci 0000:00:18.0: Adding to iommu group 11
May 06 13:35:38 hoth kernel: pci 0000:00:18.1: Adding to iommu group 11
May 06 13:35:38 hoth kernel: pci 0000:00:18.2: Adding to iommu group 11
May 06 13:35:38 hoth kernel: pci 0000:00:18.3: Adding to iommu group 11
May 06 13:35:38 hoth kernel: pci 0000:00:18.4: Adding to iommu group 11
May 06 13:35:38 hoth kernel: pci 0000:00:18.5: Adding to iommu group 11
May 06 13:35:38 hoth kernel: pci 0000:00:18.6: Adding to iommu group 11
May 06 13:35:38 hoth kernel: pci 0000:00:18.7: Adding to iommu group 11
May 06 13:35:38 hoth kernel: pci 0000:01:00.0: Adding to iommu group 12
May 06 13:35:38 hoth kernel: pci 0000:01:00.1: Adding to iommu group 12
May 06 13:35:38 hoth kernel: pci 0000:01:00.2: Adding to iommu group 12
May 06 13:35:38 hoth kernel: pci 0000:01:00.3: Adding to iommu group 12
May 06 13:35:38 hoth kernel: pci 0000:02:00.0: Adding to iommu group 13
May 06 13:35:38 hoth kernel: pci 0000:03:00.0: Adding to iommu group 14
May 06 13:35:38 hoth kernel: pci 0000:04:00.0: Adding to iommu group 15
May 06 13:35:38 hoth kernel: pci 0000:04:04.0: Adding to iommu group 16
May 06 13:35:38 hoth kernel: pci 0000:04:05.0: Adding to iommu group 17
May 06 13:35:38 hoth kernel: pci 0000:04:06.0: Adding to iommu group 18
May 06 13:35:38 hoth kernel: pci 0000:04:07.0: Adding to iommu group 19
May 06 13:35:38 hoth kernel: pci 0000:04:08.0: Adding to iommu group 20
May 06 13:35:38 hoth kernel: pci 0000:04:09.0: Adding to iommu group 21
May 06 13:35:38 hoth kernel: pci 0000:04:0a.0: Adding to iommu group 22
May 06 13:35:38 hoth kernel: pci 0000:04:0b.0: Adding to iommu group 23
May 06 13:35:38 hoth kernel: pci 0000:04:0c.0: Adding to iommu group 24
May 06 13:35:38 hoth kernel: pci 0000:04:0d.0: Adding to iommu group 25
May 06 13:35:38 hoth kernel: pci 0000:08:00.0: Adding to iommu group 18
May 06 13:35:38 hoth kernel: pci 0000:0c:00.0: Adding to iommu group 22
May 06 13:35:38 hoth kernel: pci 0000:0d:00.0: Adding to iommu group 23
May 06 13:35:38 hoth kernel: pci 0000:0e:00.0: Adding to iommu group 24
May 06 13:35:38 hoth kernel: pci 0000:0f:00.0: Adding to iommu group 25
May 06 13:35:38 hoth kernel: pci 0000:10:00.0: Adding to iommu group 26
May 06 13:35:38 hoth kernel: pci 0000:10:00.1: Adding to iommu group 27
May 06 13:35:38 hoth kernel: pci 0000:10:00.2: Adding to iommu group 28
May 06 13:35:38 hoth kernel: pci 0000:10:00.3: Adding to iommu group 29
May 06 13:35:38 hoth kernel: pci 0000:10:00.4: Adding to iommu group 30
May 06 13:35:38 hoth kernel: pci 0000:10:00.6: Adding to iommu group 31
May 06 13:35:38 hoth kernel: pci 0000:11:00.0: Adding to iommu group 32
May 06 13:35:38 hoth kernel: pci 0000:00:00.2: can't derive routing for PCI INT A
May 06 13:35:38 hoth kernel: pci 0000:00:00.2: PCI INT A: not connected
May 06 13:35:38 hoth kernel: pci 0000:00:00.2: AMD-Vi: Found IOMMU cap 0x40
May 06 13:35:38 hoth kernel: AMD-Vi: Extended features (0x246577efa2254afa, 0x0): PPR NX GT [5] IA GA PC GA_vAPIC
May 06 13:35:38 hoth kernel: AMD-Vi: Interrupt remapping enabled
May 06 13:35:38 hoth kernel: Freeing initrd memory: 9100K
May 06 13:35:38 hoth kernel: AMD-Vi: Virtual APIC enabled
May 06 13:35:38 hoth kernel: PCI-DMA: Using software bounce buffering for IO (SWIOTLB)
May 06 13:35:38 hoth kernel: software IO TLB: mapped [mem 0x000000009212b000-0x000000009612b000] (64MB)
May 06 13:35:38 hoth kernel: LVT offset 0 assigned for vector 0x400
May 06 13:35:38 hoth kernel: perf: AMD IBS detected (0x00000bff)
May 06 13:35:38 hoth kernel: perf/amd_iommu: Detected AMD IOMMU #0 (2 banks, 4 counters/bank).
May 06 13:35:38 hoth kernel: Initialise system trusted keyrings
May 06 13:35:38 hoth kernel: Key type blacklist registered
May 06 13:35:38 hoth kernel: workingset: timestamp_bits=41 max_order=23 bucket_order=0
May 06 13:35:38 hoth kernel: zbud: loaded
May 06 13:35:38 hoth kernel: integrity: Platform Keyring initialized
May 06 13:35:38 hoth kernel: integrity: Machine keyring initialized
May 06 13:35:38 hoth kernel: Key type asymmetric registered
May 06 13:35:38 hoth kernel: Asymmetric key parser 'x509' registered
May 06 13:35:38 hoth kernel: alg: self-tests for CTR-KDF (hmac(sha256)) passed
May 06 13:35:38 hoth kernel: Block layer SCSI generic (bsg) driver version 0.4 loaded (major 242)
May 06 13:35:38 hoth kernel: io scheduler mq-deadline registered
May 06 13:35:38 hoth kernel: io scheduler kyber registered
May 06 13:35:38 hoth kernel: io scheduler bfq registered
May 06 13:35:38 hoth kernel: pcieport 0000:00:01.1: PME: Signaling with IRQ 28
May 06 13:35:38 hoth kernel: pcieport 0000:00:01.2: PME: Signaling with IRQ 29
May 06 13:35:38 hoth kernel: pcieport 0000:00:02.1: PME: Signaling with IRQ 30
May 06 13:35:38 hoth kernel: pcieport 0000:00:08.1: PME: Signaling with IRQ 31
May 06 13:35:38 hoth kernel: pcieport 0000:00:08.3: PME: Signaling with IRQ 32
May 06 13:35:38 hoth kernel: shpchp: Standard Hot Plug PCI Controller Driver version: 0.4
May 06 13:35:38 hoth kernel: input: Power Button as /devices/LNXSYSTM:00/LNXSYBUS:00/PNP0C0C:00/input/input0
May 06 13:35:38 hoth kernel: ACPI: button: Power Button [PWRB]
May 06 13:35:38 hoth kernel: input: Power Button as /devices/LNXSYSTM:00/LNXPWRBN:00/input/input1
May 06 13:35:38 hoth kernel: ACPI: button: Power Button [PWRF]
May 06 13:35:38 hoth kernel: Estimated ratio of average max frequency by base frequency (times 1024): 1146
May 06 13:35:38 hoth kernel: Monitor-Mwait will be used to enter C-1 state
May 06 13:35:38 hoth kernel: ACPI: \_SB_.PLTF.C000: Found 3 idle states
May 06 13:35:38 hoth kernel: ACPI: \_SB_.PLTF.C002: Found 3 idle states
May 06 13:35:38 hoth kernel: ACPI: \_SB_.PLTF.C004: Found 3 idle states
May 06 13:35:38 hoth kernel: ACPI: \_SB_.PLTF.C006: Found 3 idle states
May 06 13:35:38 hoth kernel: ACPI: \_SB_.PLTF.C008: Found 3 idle states
May 06 13:35:38 hoth kernel: ACPI: \_SB_.PLTF.C00A: Found 3 idle states
May 06 13:35:38 hoth kernel: ACPI: \_SB_.PLTF.C00C: Found 3 idle states
May 06 13:35:38 hoth kernel: ACPI: \_SB_.PLTF.C00E: Found 3 idle states
May 06 13:35:38 hoth kernel: ACPI: \_SB_.PLTF.C001: Found 3 idle states
May 06 13:35:38 hoth kernel: ACPI: \_SB_.PLTF.C003: Found 3 idle states
May 06 13:35:38 hoth kernel: ACPI: \_SB_.PLTF.C005: Found 3 idle states
May 06 13:35:38 hoth kernel: ACPI: \_SB_.PLTF.C007: Found 3 idle states
May 06 13:35:38 hoth kernel: ACPI: \_SB_.PLTF.C009: Found 3 idle states
May 06 13:35:38 hoth kernel: ACPI: \_SB_.PLTF.C00B: Found 3 idle states
May 06 13:35:38 hoth kernel: ACPI: \_SB_.PLTF.C00D: Found 3 idle states
May 06 13:35:38 hoth kernel: ACPI: \_SB_.PLTF.C00F: Found 3 idle states
May 06 13:35:38 hoth kernel: Serial: 8250/16550 driver, 32 ports, IRQ sharing enabled
May 06 13:35:38 hoth kernel: Non-volatile memory driver v1.3
May 06 13:35:38 hoth kernel: Linux agpgart interface v0.103
May 06 13:35:38 hoth kernel: AMD-Vi: AMD IOMMUv2 loaded and initialized
May 06 13:35:38 hoth kernel: ACPI: bus type drm_connector registered
May 06 13:35:38 hoth kernel: ahci 0000:08:00.0: version 3.0
May 06 13:35:38 hoth kernel: ahci 0000:08:00.0: SSS flag set, parallel bus scan disabled
May 06 13:35:38 hoth kernel: ahci 0000:08:00.0: AHCI 0001.0301 32 slots 4 ports 6 Gbps 0xf impl SATA mode
May 06 13:35:38 hoth kernel: ahci 0000:08:00.0: flags: 64bit ncq sntf stag pm led only pio sxs deso sadm sds apst 
May 06 13:35:38 hoth kernel: scsi host0: ahci
May 06 13:35:38 hoth kernel: scsi host1: ahci
May 06 13:35:38 hoth kernel: scsi host2: ahci
May 06 13:35:38 hoth kernel: scsi host3: ahci
May 06 13:35:38 hoth kernel: ata1: SATA max UDMA/133 abar m8192@0xfc680000 port 0xfc680100 irq 48
May 06 13:35:38 hoth kernel: ata2: SATA max UDMA/133 abar m8192@0xfc680000 port 0xfc680180 irq 48
May 06 13:35:38 hoth kernel: ata3: SATA max UDMA/133 abar m8192@0xfc680000 port 0xfc680200 irq 48
May 06 13:35:38 hoth kernel: ata4: SATA max UDMA/133 abar m8192@0xfc680000 port 0xfc680280 irq 48
May 06 13:35:38 hoth kernel: ahci 0000:0f:00.0: SSS flag set, parallel bus scan disabled
May 06 13:35:38 hoth kernel: ahci 0000:0f:00.0: AHCI 0001.0301 32 slots 6 ports 6 Gbps 0xf impl SATA mode
May 06 13:35:38 hoth kernel: ahci 0000:0f:00.0: flags: 64bit ncq sntf stag pm led clo only pmp pio slum part sxs deso sadm sds apst 
May 06 13:35:38 hoth kernel: scsi host4: ahci
May 06 13:35:38 hoth kernel: scsi host5: ahci
May 06 13:35:38 hoth kernel: scsi host6: ahci
May 06 13:35:38 hoth kernel: scsi host7: ahci
May 06 13:35:38 hoth kernel: scsi host8: ahci
May 06 13:35:38 hoth kernel: scsi host9: ahci
May 06 13:35:38 hoth kernel: ata5: SATA max UDMA/133 abar m1024@0xfc280000 port 0xfc280100 irq 49
May 06 13:35:38 hoth kernel: ata6: SATA max UDMA/133 abar m1024@0xfc280000 port 0xfc280180 irq 49
May 06 13:35:38 hoth kernel: ata7: SATA max UDMA/133 abar m1024@0xfc280000 port 0xfc280200 irq 49
May 06 13:35:38 hoth kernel: ata8: SATA max UDMA/133 abar m1024@0xfc280000 port 0xfc280280 irq 49
May 06 13:35:38 hoth kernel: ata9: DUMMY
May 06 13:35:38 hoth kernel: ata10: DUMMY
May 06 13:35:38 hoth kernel: usbcore: registered new interface driver usbserial_generic
May 06 13:35:38 hoth kernel: usbserial: USB Serial support registered for generic
May 06 13:35:38 hoth kernel: rtc_cmos 00:02: RTC can wake from S4
May 06 13:35:38 hoth kernel: rtc_cmos 00:02: registered as rtc0
May 06 13:35:38 hoth kernel: rtc_cmos 00:02: setting system clock to 2023-05-06T13:35:35 UTC (1683380135)
May 06 13:35:38 hoth kernel: rtc_cmos 00:02: alarms up to one month, y3k, 114 bytes nvram, hpet irqs
May 06 13:35:38 hoth kernel: ledtrig-cpu: registered to indicate activity on CPUs
May 06 13:35:38 hoth kernel: efifb: probing for efifb
May 06 13:35:38 hoth kernel: efifb: framebuffer at 0xfcc0000000, using 34560k, total 34560k
May 06 13:35:38 hoth kernel: efifb: mode is 3840x2160x32, linelength=16384, pages=1
May 06 13:35:38 hoth kernel: efifb: scrolling: redraw
May 06 13:35:38 hoth kernel: efifb: Truecolor: size=8:8:8:8, shift=24:16:8:0
May 06 13:35:38 hoth kernel: fbcon: Deferring console take-over
May 06 13:35:38 hoth kernel: fb0: EFI VGA frame buffer device
May 06 13:35:38 hoth kernel: hid: raw HID events driver (C) Jiri Kosina
May 06 13:35:38 hoth kernel: drop_monitor: Initializing network drop monitor service
May 06 13:35:38 hoth kernel: Initializing XFRM netlink socket
May 06 13:35:38 hoth kernel: NET: Registered PF_INET6 protocol family
May 06 13:35:38 hoth kernel: Segment Routing with IPv6
May 06 13:35:38 hoth kernel: RPL Segment Routing with IPv6
May 06 13:35:38 hoth kernel: In-situ OAM (IOAM) with IPv6
May 06 13:35:38 hoth kernel: NET: Registered PF_PACKET protocol family
May 06 13:35:38 hoth kernel: microcode: CPU0: patch_level=0x0a601203
May 06 13:35:38 hoth kernel: microcode: CPU1: patch_level=0x0a601203
May 06 13:35:38 hoth kernel: microcode: CPU2: patch_level=0x0a601203
May 06 13:35:38 hoth kernel: microcode: CPU3: patch_level=0x0a601203
May 06 13:35:38 hoth kernel: microcode: CPU4: patch_level=0x0a601203
May 06 13:35:38 hoth kernel: microcode: CPU5: patch_level=0x0a601203
May 06 13:35:38 hoth kernel: microcode: CPU6: patch_level=0x0a601203
May 06 13:35:38 hoth kernel: microcode: CPU7: patch_level=0x0a601203
May 06 13:35:38 hoth kernel: microcode: CPU8: patch_level=0x0a601203
May 06 13:35:38 hoth kernel: microcode: CPU9: patch_level=0x0a601203
May 06 13:35:38 hoth kernel: microcode: CPU10: patch_level=0x0a601203
May 06 13:35:38 hoth kernel: microcode: CPU11: patch_level=0x0a601203
May 06 13:35:38 hoth kernel: microcode: CPU12: patch_level=0x0a601203
May 06 13:35:38 hoth kernel: microcode: CPU13: patch_level=0x0a601203
May 06 13:35:38 hoth kernel: microcode: CPU14: patch_level=0x0a601203
May 06 13:35:38 hoth kernel: microcode: CPU15: patch_level=0x0a601203
May 06 13:35:38 hoth kernel: microcode: Microcode Update Driver: v2.2.
May 06 13:35:38 hoth kernel: resctrl: L3 allocation detected
May 06 13:35:38 hoth kernel: resctrl: MB allocation detected
May 06 13:35:38 hoth kernel: resctrl: L3 monitoring detected
May 06 13:35:38 hoth kernel: IPI shorthand broadcast: enabled
May 06 13:35:38 hoth kernel: sched_clock: Marking stable (711729789, 255300)->(724682741, -12697652)
May 06 13:35:38 hoth kernel: registered taskstats version 1
May 06 13:35:38 hoth kernel: Loading compiled-in X.509 certificates
May 06 13:35:38 hoth kernel: Loaded X.509 cert 'Build time autogenerated kernel key: 7de495b5855ce9053471f97059a05cda94ad6ffc'
May 06 13:35:38 hoth kernel: zswap: loaded using pool lz4/z3fold
May 06 13:35:38 hoth kernel: Key type .fscrypt registered
May 06 13:35:38 hoth kernel: Key type fscrypt-provisioning registered
May 06 13:35:38 hoth kernel: PM:   Magic number: 7:850:583
May 06 13:35:38 hoth kernel: pci_bus 0000:04: hash matches
May 06 13:35:38 hoth kernel: RAS: Correctable Errors collector initialized.
May 06 13:35:38 hoth kernel: ata5: SATA link down (SStatus 0 SControl 300)
May 06 13:35:38 hoth kernel: ata1: SATA link down (SStatus 0 SControl 300)
May 06 13:35:38 hoth kernel: ata2: SATA link down (SStatus 0 SControl 300)
May 06 13:35:38 hoth kernel: tsc: Refined TSC clocksource calibration: 4499.982 MHz
May 06 13:35:38 hoth kernel: clocksource: tsc: mask: 0xffffffffffffffff max_cycles: 0x40dd574b308, max_idle_ns: 440795285901 ns
May 06 13:35:38 hoth kernel: clocksource: Switched to clocksource tsc
May 06 13:35:38 hoth kernel: ata3: SATA link up 6.0 Gbps (SStatus 133 SControl 300)
May 06 13:35:38 hoth kernel: ata3.00: ATA-10: ST2000DM008-2UB102, 0001, max UDMA/133
May 06 13:35:38 hoth kernel: ata3.00: 3907029168 sectors, multi 16: LBA48 NCQ (depth 32), AA
May 06 13:35:38 hoth kernel: ata3.00: configured for UDMA/133
May 06 13:35:38 hoth kernel: scsi 2:0:0:0: Direct-Access     ATA      ST2000DM008-2UB1 0001 PQ: 0 ANSI: 5
May 06 13:35:38 hoth kernel: sd 2:0:0:0: [sda] 3907029168 512-byte logical blocks: (2.00 TB/1.82 TiB)
May 06 13:35:38 hoth kernel: sd 2:0:0:0: [sda] 4096-byte physical blocks
May 06 13:35:38 hoth kernel: sd 2:0:0:0: [sda] Write Protect is off
May 06 13:35:38 hoth kernel: sd 2:0:0:0: [sda] Mode Sense: 00 3a 00 00
May 06 13:35:38 hoth kernel: sd 2:0:0:0: [sda] Write cache: enabled, read cache: enabled, doesn't support DPO or FUA
May 06 13:35:38 hoth kernel: sd 2:0:0:0: [sda] Preferred minimum I/O size 4096 bytes
May 06 13:35:38 hoth kernel:  sda: sda1 sda2
May 06 13:35:38 hoth kernel: sd 2:0:0:0: [sda] Attached SCSI disk
May 06 13:35:38 hoth kernel: ata4: SATA link down (SStatus 0 SControl 300)
May 06 13:35:38 hoth kernel: ata6: SATA link down (SStatus 0 SControl 300)
May 06 13:35:38 hoth kernel: ata7: SATA link down (SStatus 0 SControl 330)
May 06 13:35:38 hoth kernel: ata8: SATA link down (SStatus 0 SControl 330)
May 06 13:35:38 hoth kernel: Freeing unused decrypted memory: 2036K
May 06 13:35:38 hoth kernel: Freeing unused kernel image (initmem) memory: 2148K
May 06 13:35:38 hoth kernel: Write protecting the kernel read-only data: 30720k
May 06 13:35:38 hoth kernel: Freeing unused kernel image (text/rodata gap) memory: 2040K
May 06 13:35:38 hoth kernel: Freeing unused kernel image (rodata/data gap) memory: 1216K
May 06 13:35:38 hoth kernel: x86/mm: Checked W+X mappings: passed, no W+X pages found.
May 06 13:35:38 hoth kernel: rodata_test: all tests were successful
May 06 13:35:38 hoth kernel: Run /init as init process
May 06 13:35:38 hoth kernel:   with arguments:
May 06 13:35:38 hoth kernel:     /init
May 06 13:35:38 hoth kernel:   with environment:
May 06 13:35:38 hoth kernel:     HOME=/
May 06 13:35:38 hoth kernel:     TERM=linux
May 06 13:35:38 hoth kernel:     BOOT_IMAGE=/boot/vmlinuz-linux-lts
May 06 13:35:38 hoth kernel: fbcon: Taking over console
May 06 13:35:38 hoth kernel: Console: switching to colour frame buffer device 240x67
May 06 13:35:38 hoth kernel: xhci_hcd 0000:01:00.2: xHCI Host Controller
May 06 13:35:38 hoth kernel: xhci_hcd 0000:01:00.2: new USB bus registered, assigned bus number 1
May 06 13:35:38 hoth kernel: xhci_hcd 0000:01:00.2: hcc params 0x0180ff05 hci version 0x110 quirks 0x0000000000000010
May 06 13:35:38 hoth kernel: xhci_hcd 0000:01:00.2: xHCI Host Controller
May 06 13:35:38 hoth kernel: xhci_hcd 0000:01:00.2: new USB bus registered, assigned bus number 2
May 06 13:35:38 hoth kernel: xhci_hcd 0000:01:00.2: Host supports USB 3.1 Enhanced SuperSpeed
May 06 13:35:38 hoth kernel: usb usb1: New USB device found, idVendor=1d6b, idProduct=0002, bcdDevice= 6.01
May 06 13:35:38 hoth kernel: usb usb1: New USB device strings: Mfr=3, Product=2, SerialNumber=1
May 06 13:35:38 hoth kernel: usb usb1: Product: xHCI Host Controller
May 06 13:35:38 hoth kernel: usb usb1: Manufacturer: Linux 6.1.26-1-lts xhci-hcd
May 06 13:35:38 hoth kernel: usb usb1: SerialNumber: 0000:01:00.2
May 06 13:35:38 hoth kernel: hub 1-0:1.0: USB hub found
May 06 13:35:38 hoth kernel: hub 1-0:1.0: 2 ports detected
May 06 13:35:38 hoth kernel: usb usb2: We don't know the algorithms for LPM for this host, disabling LPM.
May 06 13:35:38 hoth kernel: usb usb2: New USB device found, idVendor=1d6b, idProduct=0003, bcdDevice= 6.01
May 06 13:35:38 hoth kernel: usb usb2: New USB device strings: Mfr=3, Product=2, SerialNumber=1
May 06 13:35:38 hoth kernel: usb usb2: Product: xHCI Host Controller
May 06 13:35:38 hoth kernel: usb usb2: Manufacturer: Linux 6.1.26-1-lts xhci-hcd
May 06 13:35:38 hoth kernel: usb usb2: SerialNumber: 0000:01:00.2
May 06 13:35:38 hoth kernel: hub 2-0:1.0: USB hub found
May 06 13:35:38 hoth kernel: hub 2-0:1.0: 4 ports detected
May 06 13:35:38 hoth kernel: xhci_hcd 0000:0e:00.0: xHCI Host Controller
May 06 13:35:38 hoth kernel: xhci_hcd 0000:0e:00.0: new USB bus registered, assigned bus number 3
May 06 13:35:38 hoth kernel: nvme nvme0: pci function 0000:02:00.0
May 06 13:35:38 hoth kernel: nvme nvme0: allocated 32 MiB host memory buffer.
May 06 13:35:38 hoth kernel: nvme nvme0: 16/0/0 default/read/poll queues
May 06 13:35:38 hoth kernel:  nvme0n1: p1 p2 p3 p4 p5
May 06 13:35:38 hoth kernel: xhci_hcd 0000:0e:00.0: hcc params 0x0200ef81 hci version 0x110 quirks 0x0000000000000410
May 06 13:35:38 hoth kernel: xhci_hcd 0000:0e:00.0: xHCI Host Controller
May 06 13:35:38 hoth kernel: xhci_hcd 0000:0e:00.0: new USB bus registered, assigned bus number 4
May 06 13:35:38 hoth kernel: xhci_hcd 0000:0e:00.0: Host supports USB 3.2 Enhanced SuperSpeed
May 06 13:35:38 hoth kernel: usb usb3: New USB device found, idVendor=1d6b, idProduct=0002, bcdDevice= 6.01
May 06 13:35:38 hoth kernel: usb usb3: New USB device strings: Mfr=3, Product=2, SerialNumber=1
May 06 13:35:38 hoth kernel: usb usb3: Product: xHCI Host Controller
May 06 13:35:38 hoth kernel: usb usb3: Manufacturer: Linux 6.1.26-1-lts xhci-hcd
May 06 13:35:38 hoth kernel: usb usb3: SerialNumber: 0000:0e:00.0
May 06 13:35:38 hoth kernel: hub 3-0:1.0: USB hub found
May 06 13:35:38 hoth kernel: hub 3-0:1.0: 12 ports detected
May 06 13:35:38 hoth kernel: usb usb4: We don't know the algorithms for LPM for this host, disabling LPM.
May 06 13:35:38 hoth kernel: usb usb4: New USB device found, idVendor=1d6b, idProduct=0003, bcdDevice= 6.01
May 06 13:35:38 hoth kernel: usb usb4: New USB device strings: Mfr=3, Product=2, SerialNumber=1
May 06 13:35:38 hoth kernel: usb usb4: Product: xHCI Host Controller
May 06 13:35:38 hoth kernel: usb usb4: Manufacturer: Linux 6.1.26-1-lts xhci-hcd
May 06 13:35:38 hoth kernel: usb usb4: SerialNumber: 0000:0e:00.0
May 06 13:35:38 hoth kernel: hub 4-0:1.0: USB hub found
May 06 13:35:38 hoth kernel: hub 4-0:1.0: 5 ports detected
May 06 13:35:38 hoth kernel: xhci_hcd 0000:10:00.3: xHCI Host Controller
May 06 13:35:38 hoth kernel: xhci_hcd 0000:10:00.3: new USB bus registered, assigned bus number 5
May 06 13:35:38 hoth kernel: xhci_hcd 0000:10:00.3: hcc params 0x0120ffc5 hci version 0x120 quirks 0x0000000200000410
May 06 13:35:38 hoth kernel: xhci_hcd 0000:10:00.3: xHCI Host Controller
May 06 13:35:38 hoth kernel: xhci_hcd 0000:10:00.3: new USB bus registered, assigned bus number 6
May 06 13:35:38 hoth kernel: xhci_hcd 0000:10:00.3: Host supports USB 3.1 Enhanced SuperSpeed
May 06 13:35:38 hoth kernel: usb usb5: New USB device found, idVendor=1d6b, idProduct=0002, bcdDevice= 6.01
May 06 13:35:38 hoth kernel: usb usb5: New USB device strings: Mfr=3, Product=2, SerialNumber=1
May 06 13:35:38 hoth kernel: usb usb5: Product: xHCI Host Controller
May 06 13:35:38 hoth kernel: usb usb5: Manufacturer: Linux 6.1.26-1-lts xhci-hcd
May 06 13:35:38 hoth kernel: usb usb5: SerialNumber: 0000:10:00.3
May 06 13:35:38 hoth kernel: hub 5-0:1.0: USB hub found
May 06 13:35:38 hoth kernel: hub 5-0:1.0: 2 ports detected
May 06 13:35:38 hoth kernel: usb usb6: We don't know the algorithms for LPM for this host, disabling LPM.
May 06 13:35:38 hoth kernel: usb usb6: New USB device found, idVendor=1d6b, idProduct=0003, bcdDevice= 6.01
May 06 13:35:38 hoth kernel: usb usb6: New USB device strings: Mfr=3, Product=2, SerialNumber=1
May 06 13:35:38 hoth kernel: usb usb6: Product: xHCI Host Controller
May 06 13:35:38 hoth kernel: usb usb6: Manufacturer: Linux 6.1.26-1-lts xhci-hcd
May 06 13:35:38 hoth kernel: usb usb6: SerialNumber: 0000:10:00.3
May 06 13:35:38 hoth kernel: hub 6-0:1.0: USB hub found
May 06 13:35:38 hoth kernel: hub 6-0:1.0: 2 ports detected
May 06 13:35:38 hoth kernel: xhci_hcd 0000:10:00.4: xHCI Host Controller
May 06 13:35:38 hoth kernel: xhci_hcd 0000:10:00.4: new USB bus registered, assigned bus number 7
May 06 13:35:38 hoth kernel: xhci_hcd 0000:10:00.4: hcc params 0x0120ffc5 hci version 0x120 quirks 0x0000000200000410
May 06 13:35:38 hoth kernel: xhci_hcd 0000:10:00.4: xHCI Host Controller
May 06 13:35:38 hoth kernel: xhci_hcd 0000:10:00.4: new USB bus registered, assigned bus number 8
May 06 13:35:38 hoth kernel: xhci_hcd 0000:10:00.4: Host supports USB 3.1 Enhanced SuperSpeed
May 06 13:35:38 hoth kernel: usb usb7: New USB device found, idVendor=1d6b, idProduct=0002, bcdDevice= 6.01
May 06 13:35:38 hoth kernel: usb usb7: New USB device strings: Mfr=3, Product=2, SerialNumber=1
May 06 13:35:38 hoth kernel: usb usb7: Product: xHCI Host Controller
May 06 13:35:38 hoth kernel: usb usb7: Manufacturer: Linux 6.1.26-1-lts xhci-hcd
May 06 13:35:38 hoth kernel: usb usb7: SerialNumber: 0000:10:00.4
May 06 13:35:38 hoth kernel: hub 7-0:1.0: USB hub found
May 06 13:35:38 hoth kernel: hub 7-0:1.0: 2 ports detected
May 06 13:35:38 hoth kernel: usb usb8: We don't know the algorithms for LPM for this host, disabling LPM.
May 06 13:35:38 hoth kernel: usb usb8: New USB device found, idVendor=1d6b, idProduct=0003, bcdDevice= 6.01
May 06 13:35:38 hoth kernel: usb usb8: New USB device strings: Mfr=3, Product=2, SerialNumber=1
May 06 13:35:38 hoth kernel: usb usb8: Product: xHCI Host Controller
May 06 13:35:38 hoth kernel: usb usb8: Manufacturer: Linux 6.1.26-1-lts xhci-hcd
May 06 13:35:38 hoth kernel: usb usb8: SerialNumber: 0000:10:00.4
May 06 13:35:38 hoth kernel: hub 8-0:1.0: USB hub found
May 06 13:35:38 hoth kernel: hub 8-0:1.0: 2 ports detected
May 06 13:35:38 hoth kernel: xhci_hcd 0000:11:00.0: xHCI Host Controller
May 06 13:35:38 hoth kernel: xhci_hcd 0000:11:00.0: new USB bus registered, assigned bus number 9
May 06 13:35:38 hoth kernel: xhci_hcd 0000:11:00.0: USB3 root hub has no ports
May 06 13:35:38 hoth kernel: xhci_hcd 0000:11:00.0: hcc params 0x0110ffc5 hci version 0x120 quirks 0x0000000200000410
May 06 13:35:38 hoth kernel: xhci_hcd 0000:11:00.0: xHCI Host Controller
May 06 13:35:38 hoth kernel: xhci_hcd 0000:11:00.0: new USB bus registered, assigned bus number 10
May 06 13:35:38 hoth kernel: xhci_hcd 0000:11:00.0: Host supports USB 3.0 SuperSpeed
May 06 13:35:38 hoth kernel: usb usb9: New USB device found, idVendor=1d6b, idProduct=0002, bcdDevice= 6.01
May 06 13:35:38 hoth kernel: usb usb9: New USB device strings: Mfr=3, Product=2, SerialNumber=1
May 06 13:35:38 hoth kernel: usb usb9: Product: xHCI Host Controller
May 06 13:35:38 hoth kernel: usb usb9: Manufacturer: Linux 6.1.26-1-lts xhci-hcd
May 06 13:35:38 hoth kernel: usb usb9: SerialNumber: 0000:11:00.0
May 06 13:35:38 hoth kernel: hub 9-0:1.0: USB hub found
May 06 13:35:38 hoth kernel: hub 9-0:1.0: 1 port detected
May 06 13:35:38 hoth kernel: usb usb10: We don't know the algorithms for LPM for this host, disabling LPM.
May 06 13:35:38 hoth kernel: usb usb10: New USB device found, idVendor=1d6b, idProduct=0003, bcdDevice= 6.01
May 06 13:35:38 hoth kernel: usb usb10: New USB device strings: Mfr=3, Product=2, SerialNumber=1
May 06 13:35:38 hoth kernel: usb usb10: Product: xHCI Host Controller
May 06 13:35:38 hoth kernel: usb usb10: Manufacturer: Linux 6.1.26-1-lts xhci-hcd
May 06 13:35:38 hoth kernel: usb usb10: SerialNumber: 0000:11:00.0
May 06 13:35:38 hoth kernel: hub 10-0:1.0: USB hub found
May 06 13:35:38 hoth kernel: hub 10-0:1.0: config failed, hub doesn't have any ports! (err -19)
May 06 13:35:38 hoth kernel: EXT4-fs (nvme0n1p5): mounted filesystem with ordered data mode. Quota mode: none.
May 06 13:35:38 hoth systemd[1]: RTC configured in localtime, applying delta of -300 minutes to system time.
May 06 13:35:38 hoth systemd[1]: systemd 253.3-3-arch running in system mode (+PAM +AUDIT -SELINUX -APPARMOR -IMA +SMACK +SECCOMP +GCRYPT +GNUTLS +OPENSSL +ACL +BLKID +CURL +ELFUTILS +FIDO2 +IDN2 -IDN +IPTC +KMOD +LIBCRYPTSETUP +LIBFDISK +PCRE2 -PWQUALITY +P11KIT -QRENCODE +TPM2 +BZIP2 +LZ4 +XZ +ZLIB +ZSTD +BPF_FRAMEWORK +XKBCOMMON +UTMP -SYSVINIT default-hierarchy=unified)
May 06 13:35:38 hoth systemd[1]: Detected architecture x86-64.
May 06 13:35:38 hoth systemd[1]: Hostname set to <hoth>.
May 06 13:35:38 hoth kernel: usb 3-2: new full-speed USB device number 2 using xhci_hcd
May 06 13:35:38 hoth kernel: usb 3-2: New USB device found, idVendor=1038, idProduct=1430, bcdDevice= 1.75
May 06 13:35:38 hoth kernel: usb 3-2: New USB device strings: Mfr=0, Product=2, SerialNumber=0
May 06 13:35:38 hoth kernel: usb 3-2: Product: SteelSeries Stratus Duo
May 06 13:35:38 hoth kernel: usb 4-5: new SuperSpeed USB device number 2 using xhci_hcd
May 06 13:35:38 hoth kernel: usb 4-5: New USB device found, idVendor=174c, idProduct=3074, bcdDevice= 0.01
May 06 13:35:38 hoth kernel: usb 4-5: New USB device strings: Mfr=2, Product=3, SerialNumber=0
May 06 13:35:38 hoth kernel: usb 4-5: Product: ASM107x
May 06 13:35:38 hoth kernel: usb 4-5: Manufacturer: Asmedia
May 06 13:35:38 hoth kernel: hub 4-5:1.0: USB hub found
May 06 13:35:38 hoth kernel: hub 4-5:1.0: 4 ports detected
May 06 13:35:38 hoth systemd[1]: bpf-lsm: LSM BPF program attached
May 06 13:35:38 hoth systemd[1]: Queued start job for default target Graphical Interface.
May 06 13:35:38 hoth systemd[1]: Created slice Slice /system/getty.
May 06 13:35:38 hoth systemd[1]: Created slice Slice /system/modprobe.
May 06 13:35:38 hoth systemd[1]: Created slice Slice /system/systemd-fsck.
May 06 13:35:38 hoth systemd[1]: Created slice User and Session Slice.
May 06 13:35:38 hoth systemd[1]: Started Dispatch Password Requests to Console Directory Watch.
May 06 13:35:38 hoth systemd[1]: Started Forward Password Requests to Wall Directory Watch.
May 06 13:35:38 hoth systemd[1]: Set up automount Arbitrary Executable File Formats File System Automount Point.
May 06 13:35:38 hoth systemd[1]: Reached target Local Encrypted Volumes.
May 06 13:35:38 hoth systemd[1]: Reached target Login Prompts.
May 06 13:35:38 hoth systemd[1]: Reached target Local Integrity Protected Volumes.
May 06 13:35:38 hoth systemd[1]: Reached target Preparation for Network.
May 06 13:35:38 hoth systemd[1]: Reached target Path Units.
May 06 13:35:38 hoth systemd[1]: Reached target Remote File Systems.
May 06 13:35:38 hoth systemd[1]: Reached target Slice Units.
May 06 13:35:38 hoth systemd[1]: Reached target Local Verity Protected Volumes.
May 06 13:35:38 hoth systemd[1]: Listening on Device-mapper event daemon FIFOs.
May 06 13:35:38 hoth systemd[1]: Listening on LVM2 poll daemon socket.
May 06 13:35:38 hoth systemd[1]: Listening on Process Core Dump Socket.
May 06 13:35:38 hoth systemd[1]: Listening on Journal Socket (/dev/log).
May 06 13:35:38 hoth systemd[1]: Listening on Journal Socket.
May 06 13:35:38 hoth systemd[1]: Listening on udev Control Socket.
May 06 13:35:38 hoth systemd[1]: Listening on udev Kernel Socket.
May 06 13:35:38 hoth systemd[1]: Mounting Huge Pages File System...
May 06 13:35:38 hoth systemd[1]: Mounting POSIX Message Queue File System...
May 06 13:35:38 hoth systemd[1]: Mounting Kernel Debug File System...
May 06 13:35:38 hoth systemd[1]: Mounting Kernel Trace File System...
May 06 13:35:38 hoth systemd[1]: Starting Create List of Static Device Nodes...
May 06 13:35:38 hoth systemd[1]: Starting Monitoring of LVM2 mirrors, snapshots etc. using dmeventd or progress polling...
May 06 13:35:38 hoth systemd[1]: Starting Load Kernel Module configfs...
May 06 13:35:38 hoth systemd[1]: Starting Load Kernel Module dm_mod...
May 06 13:35:38 hoth systemd[1]: Starting Load Kernel Module drm...
May 06 13:35:38 hoth systemd[1]: Starting Load Kernel Module fuse...
May 06 13:35:38 hoth systemd[1]: Starting Load Kernel Module loop...
May 06 13:35:38 hoth kernel: usb 3-5: new high-speed USB device number 3 using xhci_hcd
May 06 13:35:38 hoth systemd[1]: File System Check on Root Device was skipped because of an unmet condition check (ConditionPathIsReadWrite=!/).
May 06 13:35:38 hoth systemd[1]: Starting Journal Service...
May 06 13:35:38 hoth systemd[1]: Starting Load Kernel Modules...
May 06 13:35:38 hoth systemd[1]: TPM2 PCR Machine ID Measurement was skipped because of an unmet condition check (ConditionPathExists=/sys/firmware/efi/efivars/StubPcrKernelImage-4a67b082-0a4c-41cf-b6c7-440b29bb8c4f).
May 06 13:35:38 hoth systemd[1]: Starting Remount Root and Kernel File Systems...
May 06 13:35:38 hoth systemd[1]: Starting Coldplug All udev Devices...
May 06 13:35:38 hoth systemd[1]: Mounted Huge Pages File System.
May 06 13:35:38 hoth systemd[1]: Mounted POSIX Message Queue File System.
May 06 13:35:38 hoth systemd[1]: Mounted Kernel Debug File System.
May 06 13:35:38 hoth systemd[1]: Mounted Kernel Trace File System.
May 06 13:35:38 hoth kernel: loop: module loaded
May 06 13:35:38 hoth kernel: EXT4-fs (nvme0n1p5): re-mounted. Quota mode: none.
May 06 13:35:38 hoth systemd-journald[368]: Collecting audit messages is disabled.
May 06 13:35:38 hoth kernel: device-mapper: uevent: version 1.0.3
May 06 13:35:38 hoth kernel: device-mapper: ioctl: 4.47.0-ioctl (2022-07-28) initialised: dm-devel@redhat.com
May 06 13:35:38 hoth kernel: fuse: init (API version 7.37)
May 06 13:35:38 hoth systemd-journald[368]: Journal started
May 06 13:35:38 hoth systemd-journald[368]: Runtime Journal (/run/log/journal/de3752ff654d4014891a4746a574085b) is 8.0M, max 1.5G, 1.5G free.
May 06 13:35:38 hoth systemd-modules-load[369]: Inserted module 'crypto_user'
May 06 13:35:38 hoth systemd[1]: modprobe@configfs.service: Deactivated successfully.
May 06 13:35:38 hoth systemd[1]: Finished Create List of Static Device Nodes.
May 06 13:35:38 hoth systemd[1]: Started Journal Service.
May 06 13:35:38 hoth systemd[1]: Finished Load Kernel Module configfs.
May 06 13:35:38 hoth systemd[1]: modprobe@dm_mod.service: Deactivated successfully.
May 06 13:35:38 hoth systemd[1]: Finished Load Kernel Module dm_mod.
May 06 13:35:39 hoth systemd[1]: Finished Monitoring of LVM2 mirrors, snapshots etc. using dmeventd or progress polling.
May 06 13:35:39 hoth systemd[1]: modprobe@drm.service: Deactivated successfully.
May 06 13:35:39 hoth systemd[1]: Finished Load Kernel Module drm.
May 06 13:35:39 hoth systemd[1]: modprobe@fuse.service: Deactivated successfully.
May 06 13:35:39 hoth systemd[1]: Finished Load Kernel Module fuse.
May 06 13:35:39 hoth systemd[1]: modprobe@loop.service: Deactivated successfully.
May 06 13:35:39 hoth kernel: usb 3-5: New USB device found, idVendor=174c, idProduct=2074, bcdDevice= 0.01
May 06 13:35:39 hoth kernel: usb 3-5: New USB device strings: Mfr=2, Product=3, SerialNumber=0
May 06 13:35:39 hoth kernel: usb 3-5: Product: ASM107x
May 06 13:35:39 hoth kernel: usb 3-5: Manufacturer: Asmedia
May 06 13:35:39 hoth systemd[1]: Finished Load Kernel Module loop.
May 06 13:35:39 hoth kernel: hub 3-5:1.0: USB hub found
May 06 13:35:39 hoth kernel: hub 3-5:1.0: 4 ports detected
May 06 13:35:39 hoth systemd[1]: Finished Remount Root and Kernel File Systems.
May 06 13:35:39 hoth systemd[1]: Finished Coldplug All udev Devices.
May 06 13:35:39 hoth systemd[1]: Activating swap /swapfile...
May 06 13:35:39 hoth systemd[1]: Mounting FUSE Control File System...
May 06 13:35:39 hoth systemd[1]: Mounting Kernel Configuration File System...
May 06 13:35:39 hoth systemd[1]: First Boot Wizard was skipped because of an unmet condition check (ConditionFirstBoot=yes).
May 06 13:35:39 hoth systemd[1]: Rebuild Hardware Database was skipped because of an unmet condition check (ConditionNeedsUpdate=/etc).
May 06 13:35:39 hoth systemd[1]: Starting Flush Journal to Persistent Storage...
May 06 13:35:39 hoth systemd[1]: Starting Load/Save OS Random Seed...
May 06 13:35:39 hoth kernel: Adding 12582908k swap on /swapfile.  Priority:-2 extents:66 across:490734656k SSFS
May 06 13:35:39 hoth systemd[1]: Repartition Root Disk was skipped because no trigger condition checks were met.
May 06 13:35:39 hoth systemd[1]: Create System Users was skipped because no trigger condition checks were met.
May 06 13:35:39 hoth systemd[1]: Starting Create Static Device Nodes in /dev...
May 06 13:35:39 hoth systemd-journald[368]: Time spent on flushing to /var/log/journal/de3752ff654d4014891a4746a574085b is 30.145ms for 1118 entries.
May 06 13:35:39 hoth systemd-journald[368]: System Journal (/var/log/journal/de3752ff654d4014891a4746a574085b) is 503.4M, max 4.0G, 3.5G free.
May 06 13:35:39 hoth systemd-journald[368]: Received client request to flush runtime journal.
May 06 13:35:39 hoth systemd-journald[368]: /var/log/journal/de3752ff654d4014891a4746a574085b/system.journal: Monotonic clock jumped backwards relative to last journal entry, rotating.
May 06 13:35:39 hoth systemd-journald[368]: Rotating system journal.
May 06 13:35:39 hoth systemd[1]: Activated swap /swapfile.
May 06 13:35:39 hoth systemd[1]: Mounted FUSE Control File System.
May 06 13:35:39 hoth systemd[1]: Mounted Kernel Configuration File System.
May 06 13:35:39 hoth systemd[1]: Finished Load/Save OS Random Seed.
May 06 13:35:39 hoth systemd[1]: Finished Flush Journal to Persistent Storage.
May 06 13:35:39 hoth systemd[1]: First Boot Complete was skipped because of an unmet condition check (ConditionFirstBoot=yes).
May 06 13:35:39 hoth systemd[1]: Reached target Swaps.
May 06 13:35:39 hoth kernel: usb 3-6: new full-speed USB device number 4 using xhci_hcd
May 06 13:35:39 hoth systemd[1]: Mounting Temporary Directory /tmp...
May 06 13:35:39 hoth systemd[1]: Mounted Temporary Directory /tmp.
May 06 13:35:39 hoth kernel: nvidia: loading out-of-tree module taints kernel.
May 06 13:35:39 hoth kernel: nvidia: module license 'NVIDIA' taints kernel.
May 06 13:35:39 hoth kernel: Disabling lock debugging due to kernel taint
May 06 13:35:39 hoth kernel: nvidia: module verification failed: signature and/or required key missing - tainting kernel
May 06 13:35:39 hoth systemd[1]: Finished Create Static Device Nodes in /dev.
May 06 13:35:39 hoth systemd[1]: Reached target Preparation for Local File Systems.
May 06 13:35:39 hoth systemd[1]: Virtual Machine and Container Storage (Compatibility) was skipped because of an unmet condition check (ConditionPathExists=/var/lib/machines.raw).
May 06 13:35:39 hoth systemd[1]: Starting Rule-based Manager for Device Events and Files...
May 06 13:35:39 hoth kernel: nvidia-nvlink: Nvlink Core is being initialized, major device number 236
May 06 13:35:39 hoth kernel: 
May 06 13:35:39 hoth kernel: nvidia 0000:01:00.0: vgaarb: changed VGA decodes: olddecodes=io+mem,decodes=none:owns=none
May 06 13:35:39 hoth systemd-udevd[395]: Using default interface naming scheme 'v253'.
May 06 13:35:39 hoth systemd[1]: Started Rule-based Manager for Device Events and Files.
May 06 13:35:39 hoth systemd[1]: Found device WD_BLACK SN770 1TB EFI\x20system\x20partition.
May 06 13:35:39 hoth systemd[1]: Starting File System Check on /dev/disk/by-uuid/8669-B404...
May 06 13:35:39 hoth kernel: ACPI: video: Video Device [VGA] (multi-head: yes  rom: no  post: no)
May 06 13:35:39 hoth kernel: input: Video Bus as /devices/LNXSYSTM:00/LNXSYBUS:00/PNP0A08:00/device:20/LNXVIDEO:00/input/input2
May 06 13:35:39 hoth kernel: nvidia-gpu 0000:01:00.3: enabling device (0000 -> 0002)
May 06 13:35:39 hoth kernel: ccp 0000:10:00.2: enabling device (0000 -> 0002)
May 06 13:35:39 hoth kernel: ccp 0000:10:00.2: ccp: unable to access the device: you might be running a broken BIOS.
May 06 13:35:39 hoth kernel: piix4_smbus 0000:00:14.0: SMBus Host Controller at 0xb00, revision 0
May 06 13:35:39 hoth kernel: piix4_smbus 0000:00:14.0: Using register 0x02 for SMBus port selection
May 06 13:35:39 hoth kernel: piix4_smbus 0000:00:14.0: Auxiliary SMBus Host Controller at 0xb20
May 06 13:35:39 hoth systemd-fsck[452]: fsck.fat 4.2 (2021-01-31)
May 06 13:35:39 hoth systemd-fsck[452]: /dev/nvme0n1p1: 191 files, 32114/98304 clusters
May 06 13:35:39 hoth kernel: sp5100_tco: SP5100/SB800 TCO WatchDog Timer Driver
May 06 13:35:39 hoth kernel: sp5100-tco sp5100-tco: Using 0xfeb00000 for watchdog MMIO address
May 06 13:35:39 hoth kernel: sp5100-tco sp5100-tco: initialized. heartbeat=60 sec (nowayout=0)
May 06 13:35:39 hoth kernel: input: PC Speaker as /devices/platform/pcspkr/input/input3
May 06 13:35:39 hoth kernel: ccp 0000:10:00.2: tee enabled
May 06 13:35:39 hoth kernel: ccp 0000:10:00.2: psp enabled
May 06 13:35:39 hoth systemd[1]: Finished File System Check on /dev/disk/by-uuid/8669-B404.
May 06 13:35:39 hoth systemd[1]: Listening on Load/Save RF Kill Switch Status /dev/rfkill Watch.
May 06 13:35:39 hoth systemd[1]: Mounting /boot/efi...
May 06 13:35:39 hoth kernel: usb 3-6: New USB device found, idVendor=1462, idProduct=7d78, bcdDevice= 0.01
May 06 13:35:39 hoth kernel: usb 3-6: New USB device strings: Mfr=1, Product=2, SerialNumber=3
May 06 13:35:39 hoth kernel: usb 3-6: Product: MYSTIC LIGHT 
May 06 13:35:39 hoth kernel: usb 3-6: Manufacturer: MSI
May 06 13:35:39 hoth kernel: usb 3-6: SerialNumber: A02022110805
May 06 13:35:39 hoth kernel: NVRM: loading NVIDIA UNIX x86_64 Kernel Module  530.41.03  Thu Mar 16 19:48:20 UTC 2023
May 06 13:35:39 hoth kernel: RAPL PMU: API unit is 2^-32 Joules, 1 fixed counters, 163840 ms ovfl timer
May 06 13:35:39 hoth kernel: RAPL PMU: hw unit of domain package 2^-16 Joules
May 06 13:35:39 hoth kernel: r8169 0000:0c:00.0: enabling device (0000 -> 0003)
May 06 13:35:39 hoth kernel: cryptd: max_cpu_qlen set to 1000
May 06 13:35:39 hoth kernel: cfg80211: Loading compiled-in X.509 certificates for regulatory database
May 06 13:35:39 hoth kernel: cfg80211: Loaded X.509 cert 'sforshee: 00b28ddf47aef9cea7'
May 06 13:35:39 hoth kernel: platform regulatory.0: Direct firmware load for regulatory.db failed with error -2
May 06 13:35:39 hoth kernel: cfg80211: failed to load regulatory.db
May 06 13:35:39 hoth kernel: AVX2 version of gcm_enc/dec engaged.
May 06 13:35:39 hoth kernel: AES CTR mode by8 optimization enabled
May 06 13:35:39 hoth kernel: nvidia_uvm: module uses symbols nvUvmInterfaceDisableAccessCntr from proprietary module nvidia, inheriting taint.
May 06 13:35:39 hoth systemd[1]: Mounted /boot/efi.
May 06 13:35:39 hoth systemd[1]: Reached target Local File Systems.
May 06 13:35:39 hoth kernel: r8169 0000:0c:00.0 eth0: RTL8125B, 04:7c:16:56:fb:d7, XID 641, IRQ 109
May 06 13:35:39 hoth kernel: r8169 0000:0c:00.0 eth0: jumbo features [frames: 9194 bytes, tx checksumming: ko]
May 06 13:35:39 hoth systemd[1]: Rebuild Dynamic Linker Cache was skipped because no trigger condition checks were met.
May 06 13:35:39 hoth systemd[1]: Set Up Additional Binary Formats was skipped because no trigger condition checks were met.
May 06 13:35:39 hoth systemd[1]: Update Boot Loader Random Seed was skipped because no trigger condition checks were met.
May 06 13:35:39 hoth systemd[1]: Commit a transient machine-id on disk was skipped because of an unmet condition check (ConditionPathIsMountPoint=/etc/machine-id).
May 06 13:35:39 hoth (udev-worker)[431]: Error running install command '/usr/bin/false' for module amdgpu: retcode 1
May 06 13:35:39 hoth kernel: snd_hda_intel 0000:01:00.1: enabling device (0000 -> 0002)
May 06 13:35:39 hoth kernel: snd_hda_intel 0000:01:00.1: Disabling MSI
May 06 13:35:39 hoth kernel: snd_hda_intel 0000:01:00.1: Handle vga_switcheroo audio client
May 06 13:35:39 hoth kernel: snd_hda_intel 0000:10:00.1: enabling device (0000 -> 0002)
